Microsoft (R) Macro Assembler Version 14.28.29333.0	    11/15/20 22:19:33
example.asm						     Page 1 - 1


				; Example assembly language program
				; This program reads input strings and diplay
				; all the strings that had been inputed
				; Author:  MingkuanPang
				; Date:    11/15/2020    

				.586
				.MODEL FLAT
				 INCLUDE io.h
			      C ; IO.H -- header file for I/O macros (listing suppressed)
			      C .NOLIST      ; turn off listing
			      C .LIST        ; begin listing
			      C 
				.STACK  4096            ; reserve 4096-byte stack

 00000000			.DATA	; reserve storage for data
 00000000  00000050 [		string		BYTE	80 DUP (?)
	    00
	   ]
 00000050  00000050 [		keyString	BYTE	80 DUP (?)
	    00
	   ]
 000000A0 50 6C 65 61 73	prompt1		BYTE	"Please enter a string:",0
	   65 20 65 6E 74
	   65 72 20 61 20
	   73 74 72 69 6E
	   67 3A 00
 000000B7 70 6C 65 61 73	prompt2		BYTE	"please enter the key string",0
	   65 20 65 6E 74
	   65 72 20 74 68
	   65 20 6B 65 79
	   20 73 74 72 69
	   6E 67 00
 000000D3 53 65 61 72 63	searchLbl	BYTE	"Search results:",0
	   68 20 72 65 73
	   75 6C 74 73 3A
	   00
 000000E3 54 68 65 20 6B	notfound	BYTE	"The key string is not found",0
	   65 79 20 73 74
	   72 69 6E 67 20
	   69 73 20 6E 6F
	   74 20 66 6F 75
	   6E 64 00
 000000FF 54 68 65 20 6B	success		BYTE	"The key starts from position:"
	   65 79 20 73 74
	   61 72 74 73 20
	   66 72 6F 6D 20
	   70 6F 73 69 74
	   69 6F 6E 3A
 0000011C  0000000B [		position	BYTE	11 DUP (?),0
	    00
	   ] 00
 00000128 00000000		stringLen		DWORD	?
 0000012C 00000000		keyStringLen	DWORD	?
 00000130 00000000		lastPos			DWORD	?
				strLen	MACRO	str
					lea		eax,str
					push	eax
					call	strLenProc
					add		esp,4
					ENDM

 00000000			.CODE       
 00000000			_MainProc    PROC
					input		prompt1,string,80
					strlen		string	
 0000002D  A3 00000128 R		mov			stringLen,eax
					input		prompt2,keyString,80
					strlen		keystring	
 0000005F  A3 0000012C R		mov			keyStringLen,eax
 00000064  A1 00000128 R		mov			eax,stringLen
 00000069  2B 05 0000012C R		sub			eax,keyStringLen
 0000006F  40				inc			eax
 00000070  A3 00000130 R		mov			lastPos,eax
 00000075  B8 00000001			mov			eax,1
 0000007A				searchByte:
 0000007A  3B 05 00000130 R		cmp			eax,lastPos
 00000080  7F 50			jg			fail
 00000082  8D 35 00000000 R		lea			esi,string
 00000088  03 F0			add			esi,eax
 0000008A  4E				dec			esi
 0000008B  8D 3D 00000050 R		lea			edi,keyString
 00000091  FC				cld
 00000092  8B 0D 0000012C R		mov			ecx,KeyStringLen
 00000098  F3/ A6			repe		cmpsb
 0000009A  74 03			jz			found
 0000009C  40				inc			eax
 0000009D  EB DB			jmp			searchByte
 0000009F				found:
					dtoa		position,eax
					output		searchLbl,success
 000000D0  EB 19			jmp			endprogram
 000000D2				fail:
					output		searchLbl,notfound
 000000EB				endprogram:
 000000EB  B8 00000000			mov		eax,0
 000000F0  C3				ret
 000000F1			_MainProc    ENDP

 000000F1			strLenProc	PROC
 000000F1  55				push	ebp
 000000F2  8B EC			mov		ebp,esp
 000000F4  53				push	ebx
 000000F5  8B 5D 08			mov		ebx,[ebp+8]
 000000F8  B8 00000000			mov		eax,0
 000000FD				countbytes:
 000000FD  80 3B 00			cmp		BYTE PTR [ebx],0
 00000100  74 04			je		endcount
 00000102  40				inc		eax
 00000103  43				inc		ebx
 00000104  EB F7			jmp		countbytes
 00000106				endcount:
 00000106  5B				pop		ebx
 00000107  5D				pop		ebp
 00000108  C3				ret
 00000109			strlenProc	ENDP
				END
Microsoft (R) Macro Assembler Version 14.28.29333.0	    11/15/20 22:19:33
example.asm						     Symbols 2 - 1




Macros:

                N a m e                 Type

atod . . . . . . . . . . . . . .	Proc
atow . . . . . . . . . . . . . .	Proc
dtoa . . . . . . . . . . . . . .	Proc
input  . . . . . . . . . . . . .	Proc
output . . . . . . . . . . . . .	Proc
strLen . . . . . . . . . . . . .	Proc
wtoa . . . . . . . . . . . . . .	Proc


Segments and Groups:

                N a m e                 Size     Length   Align   Combine Class

FLAT . . . . . . . . . . . . . .	GROUP
STACK  . . . . . . . . . . . . .	32 Bit	 00001000 Para	  Stack	  'STACK'	 
_DATA  . . . . . . . . . . . . .	32 Bit	 00000134 Para	  Public  'DATA'	
_TEXT  . . . . . . . . . . . . .	32 Bit	 00000109 Para	  Public  'CODE'	


Procedures, parameters, and locals:

                N a m e                 Type     Value    Attr

_MainProc  . . . . . . . . . . .	P Near	 00000000 _TEXT	Length= 000000F1 Public
  searchByte . . . . . . . . . .	L Near	 0000007A _TEXT	
  found  . . . . . . . . . . . .	L Near	 0000009F _TEXT	
  fail . . . . . . . . . . . . .	L Near	 000000D2 _TEXT	
  endprogram . . . . . . . . . .	L Near	 000000EB _TEXT	
strLenProc . . . . . . . . . . .	P Near	 000000F1 _TEXT	Length= 00000018 Public
  countbytes . . . . . . . . . .	L Near	 000000FD _TEXT	
  endcount . . . . . . . . . . .	L Near	 00000106 _TEXT	


Symbols:

                N a m e                 Type     Value    Attr

@CodeSize  . . . . . . . . . . .	Number	 00000000h   
@DataSize  . . . . . . . . . . .	Number	 00000000h   
@Interface . . . . . . . . . . .	Number	 00000000h   
@Model . . . . . . . . . . . . .	Number	 00000007h   
@code  . . . . . . . . . . . . .	Text   	 _TEXT
@data  . . . . . . . . . . . . .	Text   	 FLAT
@fardata?  . . . . . . . . . . .	Text   	 FLAT
@fardata . . . . . . . . . . . .	Text   	 FLAT
@stack . . . . . . . . . . . . .	Text   	 FLAT
_getInput  . . . . . . . . . . .	L Near	 00000000 FLAT	External
_showOutput  . . . . . . . . . .	L Near	 00000000 FLAT	External
atodproc . . . . . . . . . . . .	L Near	 00000000 FLAT	External
atowproc . . . . . . . . . . . .	L Near	 00000000 FLAT	External
dtoaproc . . . . . . . . . . . .	L Near	 00000000 FLAT	External
keyStringLen . . . . . . . . . .	DWord	 0000012C _DATA	
keyString  . . . . . . . . . . .	Byte	 00000050 _DATA	
lastPos  . . . . . . . . . . . .	DWord	 00000130 _DATA	
notfound . . . . . . . . . . . .	Byte	 000000E3 _DATA	
position . . . . . . . . . . . .	Byte	 0000011C _DATA	
prompt1  . . . . . . . . . . . .	Byte	 000000A0 _DATA	
prompt2  . . . . . . . . . . . .	Byte	 000000B7 _DATA	
searchLbl  . . . . . . . . . . .	Byte	 000000D3 _DATA	
stringLen  . . . . . . . . . . .	DWord	 00000128 _DATA	
string . . . . . . . . . . . . .	Byte	 00000000 _DATA	
success  . . . . . . . . . . . .	Byte	 000000FF _DATA	
wtoaproc . . . . . . . . . . . .	L Near	 00000000 FLAT	External

	   0 Warnings
	   0 Errors
