Microsoft (R) Macro Assembler Version 14.27.29111.0	    10/25/20 20:40:09
example.asm						     Page 1 - 1


				; Example assembly language program -- adds 158 to number in memory
				; Author:  MingkuanPang
				; Date:    10/24/2020    

				.586
				.MODEL FLAT
				 INCLUDE io.h
			      C ; IO.H -- header file for I/O macros (listing suppressed)
			      C .NOLIST      ; turn off listing
			      C .LIST        ; begin listing
			      C 
				.STACK  4096            ; reserve 4096-byte stack

 00000000			.DATA	; reserve storage for data
 00000000 00000000		number	DWORD	?
 00000004 00000002		value	DWORD	2

 00000000			.CODE       
 00000000			_MainProc    PROC	
 00000000  B8 7FFFFFFF			mov		eax,2147483647
 00000005  83 C0 64			add		eax,100
 00000008  C3				ret
 00000009			_MainProc    ENDP

 00000009			changeProc	PROC
 00000009  55				push	ebp
 0000000A  8B EC			mov		ebp,esp
 0000000C  50				push	eax
 0000000D  8B 45 0C			mov		eax,[ebp+12]
 00000010  89 45 08			mov		[ebp+8],eax
 00000013  58				pop		eax
 00000014  5D				pop		ebp
 00000015  C3				ret
 00000016			changeProc	ENDP
				END
Microsoft (R) Macro Assembler Version 14.27.29111.0	    10/25/20 20:40:09
example.asm						     Symbols 2 - 1




Macros:

                N a m e                 Type

atod . . . . . . . . . . . . . .	Proc
atow . . . . . . . . . . . . . .	Proc
dtoa . . . . . . . . . . . . . .	Proc
input  . . . . . . . . . . . . .	Proc
output . . . . . . . . . . . . .	Proc
wtoa . . . . . . . . . . . . . .	Proc


Segments and Groups:

                N a m e                 Size     Length   Align   Combine Class

FLAT . . . . . . . . . . . . . .	GROUP
STACK  . . . . . . . . . . . . .	32 Bit	 00001000 Para	  Stack	  'STACK'	 
_DATA  . . . . . . . . . . . . .	32 Bit	 00000008 Para	  Public  'DATA'	
_TEXT  . . . . . . . . . . . . .	32 Bit	 00000016 Para	  Public  'CODE'	


Procedures, parameters, and locals:

                N a m e                 Type     Value    Attr

_MainProc  . . . . . . . . . . .	P Near	 00000000 _TEXT	Length= 00000009 Public
changeProc . . . . . . . . . . .	P Near	 00000009 _TEXT	Length= 0000000D Public


Symbols:

                N a m e                 Type     Value    Attr

@CodeSize  . . . . . . . . . . .	Number	 00000000h   
@DataSize  . . . . . . . . . . .	Number	 00000000h   
@Interface . . . . . . . . . . .	Number	 00000000h   
@Model . . . . . . . . . . . . .	Number	 00000007h   
@code  . . . . . . . . . . . . .	Text   	 _TEXT
@data  . . . . . . . . . . . . .	Text   	 FLAT
@fardata?  . . . . . . . . . . .	Text   	 FLAT
@fardata . . . . . . . . . . . .	Text   	 FLAT
@stack . . . . . . . . . . . . .	Text   	 FLAT
_getInput  . . . . . . . . . . .	L Near	 00000000 FLAT	External
_showOutput  . . . . . . . . . .	L Near	 00000000 FLAT	External
atodproc . . . . . . . . . . . .	L Near	 00000000 FLAT	External
atowproc . . . . . . . . . . . .	L Near	 00000000 FLAT	External
dtoaproc . . . . . . . . . . . .	L Near	 00000000 FLAT	External
number . . . . . . . . . . . . .	DWord	 00000000 _DATA	
value  . . . . . . . . . . . . .	DWord	 00000004 _DATA	
wtoaproc . . . . . . . . . . . .	L Near	 00000000 FLAT	External

	   0 Warnings
	   0 Errors
