Microsoft (R) Macro Assembler Version 14.28.29333.0	    12/03/20 17:49:48
example.asm						     Page 1 - 1


				; lab14-SectionB
				; Author:  MingkuanPang
				; Date:    12/3/2020    

				.586
				.MODEL FLAT
				.STACK  4096            ; reserve 4096-byte stack
 00000000			.DATA	; reserve storage for data
 00000000 432F8000		Number1	REAL4	175.5
 00000004 3DC00000		Number2	REAL4	0.09375
 00000008			Number3	REAL8	-0.0078125
	   BF80000000000000
 00000010			Number4	REAL8	-11.75
	   C027800000000000
 00000018			Number5	REAL10	3160.0
	   400AC580000000000000
 00000022			Number6	REAL10  -1.25
	   BFFFA000000000000000
				;EX 9.2
 0000002C 41100000		fpTemp1	REAL4	9.0
 00000030 41400000		fpTemp2	REAL4	12.0
 00000034 41B80000		fpTemp3	REAL4	23.0
 00000038 41C00000		fpTemp4	REAL4	24.0
 0000003C 420C0000		fpTemp5	REAL4	35.0
 00000040 3F000000		fpValue	REAL4	0.5
 00000044 00000006		intValue	DWORD	6
 00000000			.CODE       
 00000000			_MainProc    PROC
 00000000			InitializedST:
 00000000  9B DB E3			finit
 00000003  D9 05 0000003C R		fld		fpTemp5
 00000009  D9 05 00000038 R		fld		fpTemp4
 0000000F  D9 05 00000034 R		fld		fpTemp3
 00000015  D9 05 00000030 R		fld		fpTemp2
 0000001B  D9 05 0000002C R		fld		fpTemp1
 00000021			Instructions:
					;fld	st(2)	; 23.0 9.0 12.0 23.0 24.0 35.0 
					;fld	fpValue	 ;0.5 9.0 12.0 23.0 24.0 35.0 
					;fild	intValue ;6.0 9.0 12.0 23.0 24.0 35.0 
					;fldpi		;3.1415926... 9.0 12.0 23.0 24.0 35.0 
					;fst	st(4)	;9.0 12.0 23.0 24.0 9.0 
					;fstp	st(4)	;12.0 23.0 24.0 9.0
					;fst	fpValue	;9.0 12.0 23.0 24.0 35.0  fpValue=9.0
 00000021  DB 1D 00000044 R		fistp	intValue	;9.0 12.0 23.0 24.0 35.0 intValue=9
 00000027  B8 00000000			mov		eax,0
 0000002C  C3				ret
 0000002D			_MainProc    ENDP
				END
Microsoft (R) Macro Assembler Version 14.28.29333.0	    12/03/20 17:49:48
example.asm						     Symbols 2 - 1




Segments and Groups:

                N a m e                 Size     Length   Align   Combine Class

FLAT . . . . . . . . . . . . . .	GROUP
STACK  . . . . . . . . . . . . .	32 Bit	 00001000 Para	  Stack	  'STACK'	 
_DATA  . . . . . . . . . . . . .	32 Bit	 00000048 Para	  Public  'DATA'	
_TEXT  . . . . . . . . . . . . .	32 Bit	 0000002D Para	  Public  'CODE'	


Procedures, parameters, and locals:

                N a m e                 Type     Value    Attr

_MainProc  . . . . . . . . . . .	P Near	 00000000 _TEXT	Length= 0000002D Public
  InitializedST  . . . . . . . .	L Near	 00000000 _TEXT	
  Instructions . . . . . . . . .	L Near	 00000021 _TEXT	


Symbols:

                N a m e                 Type     Value    Attr

@CodeSize  . . . . . . . . . . .	Number	 00000000h   
@DataSize  . . . . . . . . . . .	Number	 00000000h   
@Interface . . . . . . . . . . .	Number	 00000000h   
@Model . . . . . . . . . . . . .	Number	 00000007h   
@code  . . . . . . . . . . . . .	Text   	 _TEXT
@data  . . . . . . . . . . . . .	Text   	 FLAT
@fardata?  . . . . . . . . . . .	Text   	 FLAT
@fardata . . . . . . . . . . . .	Text   	 FLAT
@stack . . . . . . . . . . . . .	Text   	 FLAT
Number1  . . . . . . . . . . . .	DWord	 00000000 _DATA	
Number2  . . . . . . . . . . . .	DWord	 00000004 _DATA	
Number3  . . . . . . . . . . . .	QWord	 00000008 _DATA	
Number4  . . . . . . . . . . . .	QWord	 00000010 _DATA	
Number5  . . . . . . . . . . . .	TByte	 00000018 _DATA	
Number6  . . . . . . . . . . . .	TByte	 00000022 _DATA	
fpTemp1  . . . . . . . . . . . .	DWord	 0000002C _DATA	
fpTemp2  . . . . . . . . . . . .	DWord	 00000030 _DATA	
fpTemp3  . . . . . . . . . . . .	DWord	 00000034 _DATA	
fpTemp4  . . . . . . . . . . . .	DWord	 00000038 _DATA	
fpTemp5  . . . . . . . . . . . .	DWord	 0000003C _DATA	
fpValue  . . . . . . . . . . . .	DWord	 00000040 _DATA	
intValue . . . . . . . . . . . .	DWord	 00000044 _DATA	

	   0 Warnings
	   0 Errors
