Microsoft (R) Macro Assembler Version 14.27.29111.0	    11/05/20 16:12:18
test.asm						     Page 1 - 1


				.586
				.MODEL FLAT

				.STACK  4096            ; reserve 4096-byte stack

 00000000			.DATA                   ; reserve storage for data
 00000000  000000C8 [		PrimeArray   DWORD   200 DUP(?)
	    00000000
	   ]
 00000320 00000000		primeCount   DWORD   0
 00000324 00000002		candidate    DWORD   2
 00000000			.CODE                           ; start of main program code
 00000000			main    PROC
 00000000  C7 05 00000320 R	        mov     primeCount,0
	   00000000
 0000000A  BE 00000000		        mov     esi,0
 0000000F			        whileloop:
 0000000F  83 3D 00000320 R	        cmp     primeCount,100
	   64
 00000016  74 36		        je      endwhile
 00000018  8B 0D 00000324 R	        mov     ecx,candidate
 0000001E  49			        dec     ecx
 0000001F			        forloop:
 0000001F  A1 00000324 R	        mov     eax,candidate
 00000024  83 F9 01		        cmp     ecx,1
 00000027  74 0A		        je      endforloop
 00000029  99			        cdq
 0000002A  F7 F9		        idiv    ecx
 0000002C  83 FA 00		        cmp     edx,0
 0000002F  74 15		        je      nextNum
 00000031  E2 EC		        loop    forloop
 00000033			        endforloop:
 00000033  A1 00000324 R	        mov     eax,candidate
 00000038  89 04 B5		        mov     DWORD  PTR  PrimeArray[esi*4],eax
	   00000000 R
 0000003F  FF 05 00000320 R	        inc     primeCount
 00000045  46			        inc     esi
 00000046			        nextNum:
 00000046  FF 05 00000324 R	        inc     candidate
 0000004C  EB C1		        jmp     whileloop
 0000004E			        endwhile:
 0000004E  B8 00000000		        mov     eax,0
 00000053  C3			        ret
 00000054			main    ENDP

				END                             ; end of source code
Microsoft (R) Macro Assembler Version 14.27.29111.0	    11/05/20 16:12:18
test.asm						     Symbols 2 - 1




Segments and Groups:

                N a m e                 Size     Length   Align   Combine Class

FLAT . . . . . . . . . . . . . .	GROUP
STACK  . . . . . . . . . . . . .	32 Bit	 00001000 Para	  Stack	  'STACK'	 
_DATA  . . . . . . . . . . . . .	32 Bit	 00000328 Para	  Public  'DATA'	
_TEXT  . . . . . . . . . . . . .	32 Bit	 00000054 Para	  Public  'CODE'	


Procedures, parameters, and locals:

                N a m e                 Type     Value    Attr

main . . . . . . . . . . . . . .	P Near	 00000000 _TEXT	Length= 00000054 Public
  whileloop  . . . . . . . . . .	L Near	 0000000F _TEXT	
  forloop  . . . . . . . . . . .	L Near	 0000001F _TEXT	
  endforloop . . . . . . . . . .	L Near	 00000033 _TEXT	
  nextNum  . . . . . . . . . . .	L Near	 00000046 _TEXT	
  endwhile . . . . . . . . . . .	L Near	 0000004E _TEXT	


Symbols:

                N a m e                 Type     Value    Attr

@CodeSize  . . . . . . . . . . .	Number	 00000000h   
@DataSize  . . . . . . . . . . .	Number	 00000000h   
@Interface . . . . . . . . . . .	Number	 00000000h   
@Model . . . . . . . . . . . . .	Number	 00000007h   
@code  . . . . . . . . . . . . .	Text   	 _TEXT
@data  . . . . . . . . . . . . .	Text   	 FLAT
@fardata?  . . . . . . . . . . .	Text   	 FLAT
@fardata . . . . . . . . . . . .	Text   	 FLAT
@stack . . . . . . . . . . . . .	Text   	 FLAT
PrimeArray . . . . . . . . . . .	DWord	 00000000 _DATA	
candidate  . . . . . . . . . . .	DWord	 00000324 _DATA	
primeCount . . . . . . . . . . .	DWord	 00000320 _DATA	

	   0 Warnings
	   0 Errors
