Microsoft (R) Macro Assembler Version 14.27.29111.0	    10/18/20 23:57:26
test.asm						     Page 1 - 1


				.586
				.MODEL FLAT

				.STACK  4096            ; reserve 4096-byte stack

 00000000			.DATA                   ; reserve storage for data
 00000000 FFFFFF97		number  DWORD   -105
 00000004 00000000		sum     DWORD   ?

 00000000			.CODE                           ; start of main program code
 00000000			main    PROC
 00000000  B8 00000064		        mov     eax,100
 00000005  F7 E8		        imul    eax
 00000007  B8 00000000		        mov     eax,0
 0000000C  C3			        ret
 0000000D			main    ENDP

				END                             ; end of source code
Microsoft (R) Macro Assembler Version 14.27.29111.0	    10/18/20 23:57:26
test.asm						     Symbols 2 - 1




Segments and Groups:

                N a m e                 Size     Length   Align   Combine Class

FLAT . . . . . . . . . . . . . .	GROUP
STACK  . . . . . . . . . . . . .	32 Bit	 00001000 Para	  Stack	  'STACK'	 
_DATA  . . . . . . . . . . . . .	32 Bit	 00000008 Para	  Public  'DATA'	
_TEXT  . . . . . . . . . . . . .	32 Bit	 0000000D Para	  Public  'CODE'	


Procedures, parameters, and locals:

                N a m e                 Type     Value    Attr

main . . . . . . . . . . . . . .	P Near	 00000000 _TEXT	Length= 0000000D Public


Symbols:

                N a m e                 Type     Value    Attr

@CodeSize  . . . . . . . . . . .	Number	 00000000h   
@DataSize  . . . . . . . . . . .	Number	 00000000h   
@Interface . . . . . . . . . . .	Number	 00000000h   
@Model . . . . . . . . . . . . .	Number	 00000007h   
@code  . . . . . . . . . . . . .	Text   	 _TEXT
@data  . . . . . . . . . . . . .	Text   	 FLAT
@fardata?  . . . . . . . . . . .	Text   	 FLAT
@fardata . . . . . . . . . . . .	Text   	 FLAT
@stack . . . . . . . . . . . . .	Text   	 FLAT
number . . . . . . . . . . . . .	DWord	 00000000 _DATA	
sum  . . . . . . . . . . . . . .	DWord	 00000004 _DATA	

	   0 Warnings
	   0 Errors
