Microsoft (R) Macro Assembler (x64) Version 14.27.29111.0   10/22/20 12:30:29
test.asm						     Page 1 - 1


				.586
test.asm(1) : error A2008:syntax error : .
				.MODEL FLAT
test.asm(2) : error A2008:syntax error : .
				.STACK  4096            
test.asm(3) : error A2008:syntax error : .
 00000000			.DATA                  
 00000000 FF20			   op   WORD    -224
 00000000			.CODE                           ; start of main program code
 00000000			main    PROC
 00000000			   CodeBegin:
 00000000  49/ 8B D1		       mov rdx, R9
 00000003  48/ 8B C4		       mov rax, rsp
 00000006  C3			       ret
 00000007			main ENDP
				END                             ; end of source code
Microsoft (R) Macro Assembler (x64) Version 14.27.29111.0   10/22/20 12:30:29
test.asm						     Symbols 2 - 1




Procedures, parameters, and locals:

                N a m e                 Type     Value    Attr

main . . . . . . . . . . . . . .	P 	 00000000 _TEXT	Length= 00000007 Public
  CodeBegin  . . . . . . . . . .	L 	 00000000 _TEXT	


Symbols:

                N a m e                 Type     Value    Attr

op . . . . . . . . . . . . . . .	Word	 00000000 _DATA	

	   0 Warnings
	   3 Errors
