 windows32

 Timestamp is 5f95c864 (Sun Oct 25 11:48:04 2020)

 Preferred load address is 00400000

 Start         Length     Name                   Class
 0001:00000000 00010000H .textbss                DATA
 0002:00000000 000056d5H .text$mn                CODE
 0003:00000000 00000104H .CRT$XCA                DATA
 0003:00000104 00000104H .CRT$XCAA               DATA
 0003:00000208 00000104H .CRT$XCZ                DATA
 0003:0000030c 00000104H .CRT$XIA                DATA
 0003:00000410 00000104H .CRT$XIAA               DATA
 0003:00000514 00000104H .CRT$XIAC               DATA
 0003:00000618 00000104H .CRT$XIZ                DATA
 0003:0000071c 00000104H .CRT$XPA                DATA
 0003:00000820 00000104H .CRT$XPZ                DATA
 0003:00000924 00000104H .CRT$XTA                DATA
 0003:00000a28 00000108H .CRT$XTZ                DATA
 0003:00000b30 00000c2cH .rdata                  DATA
 0003:0000175c 00000194H .rdata$zzzdbg           DATA
 0003:000018f0 00000104H .rtc$IAA                DATA
 0003:000019f4 00000104H .rtc$IMZ                DATA
 0003:00001af8 00000104H .rtc$IZZ                DATA
 0003:00001bfc 00000104H .rtc$TAA                DATA
 0003:00001d00 00000104H .rtc$TMZ                DATA
 0003:00001e04 00000104H .rtc$TZZ                DATA
 0003:00001f08 00000169H .xdata$x                DATA
 0003:00002071 00000000H .edata                  DATA
 0004:00000000 000003b0H .data                   DATA
 0004:000003b0 000006c8H .bss                    DATA
 0005:00000000 00000200H .idata$5                DATA
 0005:00000200 00000050H .idata$2                DATA
 0005:00000250 00000014H .idata$3                DATA
 0005:00000264 00000200H .idata$4                DATA
 0005:00000464 00000753H .idata$6                DATA
 0006:00000000 00000109H .00cfg                  DATA
 0007:00000000 000001c0H .rsrc$01                DATA
 0007:000001c0 00000396H .rsrc$02                DATA

  Address         Publics by Value              Rva+Base       Lib:Object

 0000:00000000       ___AbsoluteZero            00000000     <absolute>
 0000:00000000       ___guard_iat_count         00000000     <absolute>
 0000:00000000       ___arm64x_redirection_metadata_count 00000000     <absolute>
 0000:00000000       ___hybrid_code_map         00000000     <absolute>
 0000:00000000       ___arm64x_extra_rfe_table  00000000     <absolute>
 0000:00000000       ___arm64x_extra_rfe_table_size 00000000     <absolute>
 0000:00000000       ___safe_se_handler_count   00000000     <absolute>
 0000:00000000       ___x64_code_ranges_to_entry_points_count 00000000     <absolute>
 0000:00000000       ___hybrid_auxiliary_iat    00000000     <absolute>
 0000:00000000       ___guard_eh_cont_table     00000000     <absolute>
 0000:00000000       ___arm64x_native_entrypoint 00000000     <absolute>
 0000:00000000       ___arm64x_redirection_metadata 00000000     <absolute>
 0000:00000000       ___safe_se_handler_table   00000000     <absolute>
 0000:00000000       ___dynamic_value_reloc_table 00000000     <absolute>
 0000:00000000       ___hybrid_code_map_count   00000000     <absolute>
 0000:00000000       ___guard_longjmp_table     00000000     <absolute>
 0000:00000000       ___guard_fids_table        00000000     <absolute>
 0000:00000000       ___guard_eh_cont_count     00000000     <absolute>
 0000:00000000       ___guard_fids_count        00000000     <absolute>
 0000:00000000       ___x64_code_ranges_to_entry_points 00000000     <absolute>
 0000:00000000       ___volatile_metadata       00000000     <absolute>
 0000:00000000       ___guard_iat_table         00000000     <absolute>
 0000:00000000       ___guard_longjmp_count     00000000     <absolute>
 0000:00000000       ___enclave_config          00000000     <absolute>
 0000:00000100       ___guard_flags             00000100     <absolute>
 0000:00000000       ___ImageBase               00400000     <linker-defined>
 0001:00000000       __enc$textbss$begin        00401000     <linker-defined>
 0001:00010000       __enc$textbss$end          00411000     <linker-defined>
 0002:00000760       _DlgProc@16                00411760 f   framework.obj
 0002:00000940       _WinMain@16                00411940 f   framework.obj
 0002:000009a0       _getInput                  004119a0 f   framework.obj
 0002:00000a70       _showOutput                00411a70 f   framework.obj
 0002:00000ae0       wtoaproc                   00411ae0 f   io.obj
 0002:00000b4d       dtoaproc                   00411b4d f   io.obj
 0002:00000bc8       atowproc                   00411bc8 f   io.obj
 0002:00000c24       atodproc                   00411c24 f   io.obj
 0002:00000ce6       _DialogBoxParamA@20        00411ce6 f   user32:USER32.dll
 0002:00000cec       _EndDialog@8               00411cec f   user32:USER32.dll
 0002:00000cf2       _GetDlgItem@8              00411cf2 f   user32:USER32.dll
 0002:00000cf8       _SetDlgItemTextA@12        00411cf8 f   user32:USER32.dll
 0002:00000cfe       _GetDlgItemTextA@16        00411cfe f   user32:USER32.dll
 0002:00000d04       _GetWindowTextLengthA@4    00411d04 f   user32:USER32.dll
 0002:00000d0a       _MessageBoxA@16            00411d0a f   user32:USER32.dll
 0002:00000d10       ___raise_securityfailure   00411d10 f   MSVCRTD:gs_report.obj
 0002:00000d50       ___report_gsfailure        00411d50 f   MSVCRTD:gs_report.obj
 0002:00000ea0       ___report_rangecheckfailure 00411ea0 f   MSVCRTD:gs_report.obj
 0002:00000eb0       ___report_securityfailure  00411eb0 f   MSVCRTD:gs_report.obj
 0002:00000fc0       ___report_securityfailureEx 00411fc0 f   MSVCRTD:gs_report.obj
 0002:00001130       @_RTC_AllocaHelper@12      00412130 f   MSVCRTD:stack.obj
 0002:00001170       @_RTC_CheckStackVars2@12   00412170 f   MSVCRTD:stack.obj
 0002:00001280       @_RTC_CheckStackVars@8     00412280 f   MSVCRTD:stack.obj
 0002:000012f0       __RTC_CheckEsp             004122f0 f   MSVCRTD:stack.obj
 0002:00001330       __CRT_RTC_INIT             00412330 f   MSVCRTD:init.obj
 0002:00001340       __CRT_RTC_INITW            00412340 f   MSVCRTD:init.obj
 0002:00001350       __RTC_InitBase             00412350 f   MSVCRTD:init.obj
 0002:00001390       __RTC_Shutdown             00412390 f   MSVCRTD:init.obj
 0002:00001780       ?configure_argv@__scrt_narrow_argv_policy@@SAHXZ 00412780 f i MSVCRTD:exe_winmain.obj
 0002:000017a0       ?initialize_environment@__scrt_narrow_environment_policy@@SAHXZ 004127a0 f i MSVCRTD:exe_winmain.obj
 0002:000017f0       ?set_app_type@__scrt_winmain_policy@@SAXXZ 004127f0 f i MSVCRTD:exe_winmain.obj
 0002:00001810       ?set_commode@__scrt_file_policy@@SAXXZ 00412810 f i MSVCRTD:exe_winmain.obj
 0002:00001830       ?set_fmode@__scrt_file_policy@@SAXXZ 00412830 f i MSVCRTD:exe_winmain.obj
 0002:00001850       _WinMainCRTStartup         00412850 f   MSVCRTD:exe_winmain.obj
 0002:00001910       ?_RTC_AllocaFailure@@YAXPAXPAU_RTC_ALLOCA_NODE@@H@Z 00412910 f   MSVCRTD:error.obj
 0002:00001a30       ?_RTC_Failure@@YAXPAXH@Z   00412a30 f   MSVCRTD:error.obj
 0002:00001aa0       ?_RTC_StackFailure@@YAXPAXPBD@Z 00412aa0 f   MSVCRTD:error.obj
 0002:00001f50       __RTC_UninitUse            00412f50 f   MSVCRTD:error.obj
 0002:00002030       ___local_stdio_printf_options 00413030 f i MSVCRTD:error.obj
 0002:00002040       __vsprintf_s_l             00413040 f i MSVCRTD:error.obj
 0002:00002080       _sprintf_s                 00413080 f i MSVCRTD:error.obj
 0002:000020b0       ?_RTC_GetErrorFunc@@YAP6AHHPBDH00ZZPBX@Z 004130b0 f   MSVCRTD:userapi.obj
 0002:000020c0       ?_RTC_GetErrorFuncW@@YAP6AHHPB_WH00ZZPBX@Z 004130c0 f   MSVCRTD:userapi.obj
 0002:000020d0       __RTC_GetErrDesc           004130d0 f   MSVCRTD:userapi.obj
 0002:000020f0       __RTC_NumErrors            004130f0 f   MSVCRTD:userapi.obj
 0002:00002100       __RTC_SetErrorFunc         00413100 f   MSVCRTD:userapi.obj
 0002:00002130       __RTC_SetErrorFuncW        00413130 f   MSVCRTD:userapi.obj
 0002:00002160       __RTC_SetErrorType         00413160 f   MSVCRTD:userapi.obj
 0002:000022d0       _NtCurrentTeb              004132d0 f i MSVCRTD:utility.obj
 0002:000022e0       ___scrt_acquire_startup_lock 004132e0 f   MSVCRTD:utility.obj
 0002:00002340       ___scrt_dllmain_after_initialize_c 00413340 f   MSVCRTD:utility.obj
 0002:00002380       ___scrt_dllmain_before_initialize_c 00413380 f   MSVCRTD:utility.obj
 0002:000023b0       ___scrt_dllmain_crt_thread_attach 004133b0 f   MSVCRTD:utility.obj
 0002:000023f0       ___scrt_dllmain_crt_thread_detach 004133f0 f   MSVCRTD:utility.obj
 0002:00002410       ___scrt_dllmain_exception_filter 00413410 f   MSVCRTD:utility.obj
 0002:00002470       ___scrt_dllmain_uninitialize_c 00413470 f   MSVCRTD:utility.obj
 0002:000024b0       ___scrt_dllmain_uninitialize_critical 004134b0 f   MSVCRTD:utility.obj
 0002:000024d0       ___scrt_initialize_crt     004134d0 f   MSVCRTD:utility.obj
 0002:00002530       ___scrt_initialize_onexit_tables 00413530 f   MSVCRTD:utility.obj
 0002:00002640       ___scrt_is_nonwritable_in_current_image 00413640 f   MSVCRTD:utility.obj
 0002:000027c0       ___scrt_release_startup_lock 004137c0 f   MSVCRTD:utility.obj
 0002:000027f0       ___scrt_uninitialize_crt   004137f0 f   MSVCRTD:utility.obj
 0002:00002840       __onexit                   00413840 f   MSVCRTD:utility.obj
 0002:000028c0       _at_quick_exit             004138c0 f   MSVCRTD:utility.obj
 0002:00002910       _atexit                    00413910 f   MSVCRTD:utility.obj
 0002:000029e0       ___security_init_cookie    004139e0 f   MSVCRTD:gs_support.obj
 0002:00002a80       __matherr                  00413a80 f   MSVCRTD:matherr.obj
 0002:00002a90       __get_startup_argv_mode    00413a90 f   MSVCRTD:argv_mode.obj
 0002:00002aa0       __get_startup_commit_mode  00413aa0 f   MSVCRTD:commit_mode.obj
 0002:00002ab0       __get_startup_file_mode    00413ab0 f   MSVCRTD:file_mode.obj
 0002:00002ac0       __get_startup_new_mode     00413ac0 f   MSVCRTD:new_mode.obj
 0002:00002ad0       __get_startup_thread_locale_mode 00413ad0 f   MSVCRTD:thread_locale.obj
 0002:00002ae0       ?__scrt_initialize_type_info@@YAXXZ 00413ae0 f   MSVCRTD:tncleanup.obj
 0002:00002b00       ?__scrt_uninitialize_type_info@@YAXXZ 00413b00 f   MSVCRTD:tncleanup.obj
 0002:00002b20       __should_initialize_environment 00413b20 f   MSVCRTD:env_mode.obj
 0002:00002b30       __initialize_default_precision 00413b30 f   MSVCRTD:default_precision.obj
 0002:00002b60       __initialize_invalid_parameter_handler 00413b60 f   MSVCRTD:invalid_parameter_handler.obj
 0002:00002b70       __initialize_denormal_control 00413b70 f   MSVCRTD:denormal_control.obj
 0002:00002b80       ___local_stdio_scanf_options 00413b80 f i MSVCRTD:default_local_stdio_options.obj
 0002:00002b90       ___scrt_initialize_default_local_stdio_options 00413b90 f   MSVCRTD:default_local_stdio_options.obj
 0002:00002be0       ___scrt_is_user_matherr_present 00413be0 f   MSVCRTD:matherr_detection.obj
 0002:00002c10       ___scrt_get_dyn_tls_init_callback 00413c10 f   MSVCRTD:dyn_tls_init.obj
 0002:00002c20       ___scrt_get_dyn_tls_dtor_callback 00413c20 f   MSVCRTD:dyn_tls_dtor.obj
 0002:00002c30       ___scrt_fastfail           00413c30 f   MSVCRTD:utility_desktop.obj
 0002:00002dc0       ___scrt_get_show_window_mode 00413dc0 f   MSVCRTD:utility_desktop.obj
 0002:00002e10       ___scrt_initialize_mta     00413e10 f   MSVCRTD:utility_desktop.obj
 0002:00002e20       ___scrt_initialize_winrt   00413e20 f   MSVCRTD:utility_desktop.obj
 0002:00002e30       ___scrt_is_managed_app     00413e30 f   MSVCRTD:utility_desktop.obj
 0002:00002ee0       ___scrt_set_unhandled_exception_filter 00413ee0 f   MSVCRTD:utility_desktop.obj
 0002:00002f00       ___scrt_exe_initialize_mta 00413f00 f   MSVCRTD:utility_desktop.obj
 0002:00002f00       ___scrt_stub_for_initialize_mta 00413f00 f   MSVCRTD:utility_desktop.obj
 0002:00002f10       ___scrt_unhandled_exception_filter@4 00413f10 f   MSVCRTD:utility_desktop.obj
 0002:00002fb0       __crt_debugger_hook        00413fb0 f   MSVCRTD:utility_desktop.obj
 0002:00002fd0       __RTC_Initialize           00413fd0 f   MSVCRTD:initsect.obj
 0002:00003010       __RTC_Terminate            00414010 f   MSVCRTD:initsect.obj
 0002:00003050       __except_handler4          00414050 f   MSVCRTD:chandler4gs.obj
 0002:000030a0       @_guard_check_icall_nop@4  004140a0 f i MSVCRTD:guard_support.obj
 0002:000030b0       _ReadNoFence               004140b0 f i MSVCRTD:guard_support.obj
 0002:000030d0       _ReadPointerNoFence        004140d0 f i MSVCRTD:guard_support.obj
 0002:000030f0       __guard_icall_checks_enforced 004140f0 f i MSVCRTD:guard_support.obj
 0002:000036c0       ?_RTC_GetSrcLine@@YAHPAEPA_WKPAH1K@Z 004146c0 f   MSVCRTD:pdblkup.obj
 0002:00003b20       @__security_check_cookie@4 00414b20 f   MSVCRTD:secchk.obj
 0002:00003b40       __except_handler4_noexcept 00414b40 f   MSVCRTD:chandler4_noexcept.obj
 0002:00003bc0       ___isa_available_init      00414bc0 f   MSVCRTD:cpu_disp.obj
 0002:00003fc0       ___scrt_is_ucrt_dll_in_use 00414fc0 f   MSVCRTD:ucrt_detection.obj
 0002:00003fed       ___std_type_info_destroy_list 00414fed f   vcruntimed:VCRUNTIME140D.dll
 0002:00003ff3       ___current_exception       00414ff3 f   vcruntimed:VCRUNTIME140D.dll
 0002:00003ff9       ___current_exception_context 00414ff9 f   vcruntimed:VCRUNTIME140D.dll
 0002:00003fff       _memset                    00414fff f   vcruntimed:VCRUNTIME140D.dll
 0002:00004005       __except_handler4_common   00415005 f   vcruntimed:VCRUNTIME140D.dll
 0002:0000400b       ___vcrt_GetModuleFileNameW 0041500b f   vcruntimed:VCRUNTIME140D.dll
 0002:00004011       ___vcrt_GetModuleHandleW   00415011 f   vcruntimed:VCRUNTIME140D.dll
 0002:00004017       ___vcrt_LoadLibraryExW     00415017 f   vcruntimed:VCRUNTIME140D.dll
 0002:0000401d       _strcpy                    0041501d f   ucrtd:ucrtbased.dll
 0002:00004023       __CrtDbgReport             00415023 f   ucrtd:ucrtbased.dll
 0002:00004029       __CrtDbgReportW            00415029 f   ucrtd:ucrtbased.dll
 0002:0000402f       __seh_filter_exe           0041502f f   ucrtd:ucrtbased.dll
 0002:00004035       __set_app_type             00415035 f   ucrtd:ucrtbased.dll
 0002:0000403b       ___setusermatherr          0041503b f   ucrtd:ucrtbased.dll
 0002:00004041       __configure_narrow_argv    00415041 f   ucrtd:ucrtbased.dll
 0002:00004047       __initialize_narrow_environment 00415047 f   ucrtd:ucrtbased.dll
 0002:0000404d       __get_narrow_winmain_command_line 0041504d f   ucrtd:ucrtbased.dll
 0002:00004053       __initterm                 00415053 f   ucrtd:ucrtbased.dll
 0002:00004059       __initterm_e               00415059 f   ucrtd:ucrtbased.dll
 0002:0000405f       _exit                      0041505f f   ucrtd:ucrtbased.dll
 0002:00004065       __exit                     00415065 f   ucrtd:ucrtbased.dll
 0002:0000406b       __set_fmode                0041506b f   ucrtd:ucrtbased.dll
 0002:00004071       __cexit                    00415071 f   ucrtd:ucrtbased.dll
 0002:00004077       __c_exit                   00415077 f   ucrtd:ucrtbased.dll
 0002:0000407d       __register_thread_local_exe_atexit_callback 0041507d f   ucrtd:ucrtbased.dll
 0002:00004083       __configthreadlocale       00415083 f   ucrtd:ucrtbased.dll
 0002:00004089       __set_new_mode             00415089 f   ucrtd:ucrtbased.dll
 0002:0000408f       ___p__commode              0041508f f   ucrtd:ucrtbased.dll
 0002:00004095       _strcpy_s                  00415095 f   ucrtd:ucrtbased.dll
 0002:0000409b       _strcat_s                  0041509b f   ucrtd:ucrtbased.dll
 0002:000040a1       ___stdio_common_vsprintf_s 004150a1 f   ucrtd:ucrtbased.dll
 0002:000040a7       __seh_filter_dll           004150a7 f   ucrtd:ucrtbased.dll
 0002:000040ad       __initialize_onexit_table  004150ad f   ucrtd:ucrtbased.dll
 0002:000040b3       __register_onexit_function 004150b3 f   ucrtd:ucrtbased.dll
 0002:000040b9       __execute_onexit_table     004150b9 f   ucrtd:ucrtbased.dll
 0002:000040bf       __crt_atexit               004150bf f   ucrtd:ucrtbased.dll
 0002:000040c5       __crt_at_quick_exit        004150c5 f   ucrtd:ucrtbased.dll
 0002:000040cb       __controlfp_s              004150cb f   ucrtd:ucrtbased.dll
 0002:000040d1       _terminate                 004150d1 f   ucrtd:ucrtbased.dll
 0002:000040d7       __wmakepath_s              004150d7 f   ucrtd:ucrtbased.dll
 0002:000040dd       __wsplitpath_s             004150dd f   ucrtd:ucrtbased.dll
 0002:000040e3       _wcscpy_s                  004150e3 f   ucrtd:ucrtbased.dll
 0002:000040e9       _UnhandledExceptionFilter@4 004150e9 f   kernel32:KERNEL32.dll
 0002:000040ef       _SetUnhandledExceptionFilter@4 004150ef f   kernel32:KERNEL32.dll
 0002:000040f5       _GetCurrentProcess@0       004150f5 f   kernel32:KERNEL32.dll
 0002:000040fb       _TerminateProcess@8        004150fb f   kernel32:KERNEL32.dll
 0002:00004101       _IsProcessorFeaturePresent@4 00415101 f   kernel32:KERNEL32.dll
 0002:00004107       _IsDebuggerPresent@0       00415107 f   kernel32:KERNEL32.dll
 0002:0000410d       _RaiseException@16         0041510d f   kernel32:KERNEL32.dll
 0002:00004113       _MultiByteToWideChar@24    00415113 f   kernel32:KERNEL32.dll
 0002:00004119       _WideCharToMultiByte@32    00415119 f   kernel32:KERNEL32.dll
 0002:0000411f       _QueryPerformanceCounter@4 0041511f f   kernel32:KERNEL32.dll
 0002:00004125       _GetCurrentProcessId@0     00415125 f   kernel32:KERNEL32.dll
 0002:0000412b       _GetCurrentThreadId@0      0041512b f   kernel32:KERNEL32.dll
 0002:00004131       _GetSystemTimeAsFileTime@4 00415131 f   kernel32:KERNEL32.dll
 0002:00004137       _InitializeSListHead@4     00415137 f   kernel32:KERNEL32.dll
 0002:0000413d       _GetStartupInfoW@4         0041513d f   kernel32:KERNEL32.dll
 0002:00004143       _GetModuleHandleW@4        00415143 f   kernel32:KERNEL32.dll
 0002:00004149       _GetLastError@0            00415149 f   kernel32:KERNEL32.dll
 0002:0000414f       _HeapAlloc@12              0041514f f   kernel32:KERNEL32.dll
 0002:00004155       _HeapFree@12               00415155 f   kernel32:KERNEL32.dll
 0002:0000415b       _GetProcessHeap@0          0041515b f   kernel32:KERNEL32.dll
 0002:00004161       _VirtualQuery@12           00415161 f   kernel32:KERNEL32.dll
 0002:00004167       _FreeLibrary@4             00415167 f   kernel32:KERNEL32.dll
 0002:0000416d       _GetProcAddress@8          0041516d f   kernel32:KERNEL32.dll
 0002:00004180       ___acrt_initialize         00415180 f   MSVCRTD:ucrt_stubs.obj
 0002:00004180       ___vcrt_initialize         00415180 f   MSVCRTD:ucrt_stubs.obj
 0002:00004180       ___scrt_stub_for_acrt_initialize 00415180 f   MSVCRTD:ucrt_stubs.obj
 0002:00004190       ___acrt_thread_attach      00415190 f   MSVCRTD:ucrt_stubs.obj
 0002:00004190       ___scrt_stub_for_acrt_thread_attach 00415190 f   MSVCRTD:ucrt_stubs.obj
 0002:00004190       ___vcrt_thread_attach      00415190 f   MSVCRTD:ucrt_stubs.obj
 0002:000041a0       ___scrt_stub_for_acrt_thread_detach 004151a0 f   MSVCRTD:ucrt_stubs.obj
 0002:000041a0       ___vcrt_thread_detach      004151a0 f   MSVCRTD:ucrt_stubs.obj
 0002:000041a0       ___acrt_thread_detach      004151a0 f   MSVCRTD:ucrt_stubs.obj
 0002:000041b0       ___acrt_uninitialize       004151b0 f   MSVCRTD:ucrt_stubs.obj
 0002:000041b0       ___vcrt_uninitialize       004151b0 f   MSVCRTD:ucrt_stubs.obj
 0002:000041b0       ___scrt_stub_for_acrt_uninitialize 004151b0 f   MSVCRTD:ucrt_stubs.obj
 0002:000041c0       ___acrt_uninitialize_critical 004151c0 f   MSVCRTD:ucrt_stubs.obj
 0002:000041c0       ___vcrt_uninitialize_critical 004151c0 f   MSVCRTD:ucrt_stubs.obj
 0002:000041c0       ___scrt_stub_for_acrt_uninitialize_critical 004151c0 f   MSVCRTD:ucrt_stubs.obj
 0002:000041d0       ___scrt_stub_for_is_c_termination_complete 004151d0 f   MSVCRTD:ucrt_stubs.obj
 0002:000041d0       __is_c_termination_complete 004151d0 f   MSVCRTD:ucrt_stubs.obj
 0002:000041e0       __filter_x86_sse2_floating_point_exception_default 004151e0 f   MSVCRTD:x86_exception_filter.obj
 0002:000041e0       __filter_x86_sse2_floating_point_exception 004151e0 f   MSVCRTD:x86_exception_filter.obj
 0002:00004320       _MainProc                  00415320 f   example.obj
 0003:00000000       ___xc_a                    00417000     MSVCRTD:initializers.obj
 0003:00000208       ___xc_z                    00417208     MSVCRTD:initializers.obj
 0003:0000030c       ___xi_a                    0041730c     MSVCRTD:initializers.obj
 0003:00000618       ___xi_z                    00417618     MSVCRTD:initializers.obj
 0003:0000071c       ___xp_a                    0041771c     MSVCRTD:initializers.obj
 0003:00000820       ___xp_z                    00417820     MSVCRTD:initializers.obj
 0003:00000924       ___xt_a                    00417924     MSVCRTD:initializers.obj
 0003:00000a28       ___xt_z                    00417a28     MSVCRTD:initializers.obj
 0003:00000b30       ??_C@_00CNPNBAHC@@         00417b30     framework.obj
 0003:00000b34       ??_C@_07KGMMFLDN@Warning@  00417b34     framework.obj
 0003:00000b40       ??_C@_0BA@KGPGJABH@Nothing?5entered@ 00417b40     framework.obj
 0003:00000c20       ??_C@_0NN@JMPELKLB@The?5value?5of?5ESP?5was?5not?5proper@ 00417c20     MSVCRTD:error.obj
 0003:00000d30       ??_C@_0BBN@ELNNILBE@A?5cast?5to?5a?5smaller?5data?5type?5h@ 00417d30     MSVCRTD:error.obj
 0003:00000e88       ??_C@_0BN@BPOGFMJL@Stack?5memory?5was?5corrupted?$AN?6@ 00417e88     MSVCRTD:error.obj
 0003:00000eac       ??_C@_0DG@DAJCDLPN@A?5local?5variable?5was?5used?5befor@ 00417eac     MSVCRTD:error.obj
 0003:00000eec       ??_C@_0CM@JMIDGKLA@Stack?5memory?5around?5_alloca?5was@ 00417eec     MSVCRTD:error.obj
 0003:00000f20       ??_C@_0BO@CHIONIOI@Unknown?5Runtime?5Check?5Error?$AN?6@ 00417f20     MSVCRTD:error.obj
 0003:00000f48       ??_C@_1GM@CNOOJIHC@?$AAR?$AAu?$AAn?$AAt?$AAi?$AAm?$AAe?$AA?5?$AAC?$AAh?$AAe?$AAc?$AAk?$AA?5?$AAE@ 00417f48     MSVCRTD:error.obj
 0003:00000fd0       ??_C@_1EA@NFKNIFJP@?$AAR?$AAu?$AAn?$AA?9?$AAT?$AAi?$AAm?$AAe?$AA?5?$AAC?$AAh?$AAe?$AAc?$AAk?$AA?5@ 00417fd0     MSVCRTD:error.obj
 0003:0000101c       ??_C@_0BB@PFFGGCJP@Unknown?5Filename@ 0041801c     MSVCRTD:error.obj
 0003:00001030       ??_C@_0BE@GNBOBNCK@Unknown?5Module?5Name@ 00418030     MSVCRTD:error.obj
 0003:00001048       ??_C@_0CA@IODNCDPG@Run?9Time?5Check?5Failure?5?$CD?$CFd?5?9?5?$CFs@ 00418048     MSVCRTD:error.obj
 0003:00001070       ??_C@_0CG@IAFNJNEE@Stack?5corrupted?5near?5unknown?5va@ 00418070     MSVCRTD:error.obj
 0003:000010a0       ??_C@_05MKKEDADM@?$CF?42X?5@ 004180a0     MSVCRTD:error.obj
 0003:000010a8       ??_C@_0EJ@LJKNEOLN@Stack?5area?5around?5_alloca?5memor@ 004180a8     MSVCRTD:error.obj
 0003:00001100       ??_C@_01EEMJAFIK@?6@       00418100     MSVCRTD:error.obj
 0003:00001104       ??_C@_02LLMPMKNF@?$DO?5@   00418104     MSVCRTD:error.obj
 0003:00001108       ??_C@_08OMAHNMHJ@?6Data?3?5?$DM@ 00418108     MSVCRTD:error.obj
 0003:00001114       ??_C@_0CK@DKGBICFE@?6Allocation?5number?5within?5this?5@ 00418114     MSVCRTD:error.obj
 0003:00001148       ??_C@_07DFDJCKFN@?6Size?3?5@ 00418148     MSVCRTD:error.obj
 0003:00001154       ??_C@_0N@MHFFIMFG@?6Address?3?50x@ 00418154     MSVCRTD:error.obj
 0003:00001168       ??_C@_0EI@CLEPFNGI@Stack?5area?5around?5_alloca?5memor@ 00418168     MSVCRTD:error.obj
 0003:000011c0       ??_C@_0BK@ODNDAGKB@?$CFs?$CFs?$CFp?$CFs?$CFzd?$CFs?$CFd?$CFs?$CFs?$CFs?$CFs?$CFs@ 004181c0     MSVCRTD:error.obj
 0003:000011e0       ??_C@_0DE@OHJBPMBP@A?5variable?5is?5being?5used?5withou@ 004181e0     MSVCRTD:error.obj
 0003:00001238       ??_C@_0BJ@HEGAHDFO@Stack?5pointer?5corruption@ 00418238     MSVCRTD:userapi.obj
 0003:00001258       ??_C@_0CK@FEGOIOPB@Cast?5to?5smaller?5type?5causing?5lo@ 00418258     MSVCRTD:userapi.obj
 0003:0000128c       ??_C@_0BI@CIGMDCBH@Stack?5memory?5corruption@ 0041828c     MSVCRTD:userapi.obj
 0003:000012a8       ??_C@_0CK@CNLNOEPB@Local?5variable?5used?5before?5init@ 004182a8     MSVCRTD:userapi.obj
 0003:000012dc       ??_C@_0BP@OGBCLIBO@Stack?5around?5_alloca?5corrupted@ 004182dc     MSVCRTD:userapi.obj
 0003:00001360       ??_C@_1EI@MLPKHBGE@?$AAa?$AAp?$AAi?$AA?9?$AAm?$AAs?$AA?9?$AAw?$AAi?$AAn?$AA?9?$AAc?$AAo?$AAr?$AAe@ 00418360     MSVCRTD:pdblkup.obj
 0003:000013b8       ??_C@_1BK@JHLNAEJL@?$AAa?$AAd?$AAv?$AAa?$AAp?$AAi?$AA3?$AA2?$AA?4?$AAd?$AAl?$AAl@ 004183b8     MSVCRTD:pdblkup.obj
 0003:000013d8       ??_C@_0O@COHOBMLB@RegOpenKeyExW@ 004183d8     MSVCRTD:pdblkup.obj
 0003:000013e8       ??_C@_0BB@GLNAEDBD@RegQueryValueExW@ 004183e8     MSVCRTD:pdblkup.obj
 0003:000013fc       ??_C@_0M@HLOHPNFA@RegCloseKey@ 004183fc     MSVCRTD:pdblkup.obj
 0003:00001410       ??_C@_1HE@EBEAGLFB@?$AAS?$AAO?$AAF?$AAT?$AAW?$AAA?$AAR?$AAE?$AA?2?$AAW?$AAo?$AAw?$AA6?$AA4?$AA3@ 00418410     MSVCRTD:pdblkup.obj
 0003:0000149c       ??_C@_1BG@EABPBLLF@?$AAP?$AAr?$AAo?$AAd?$AAu?$AAc?$AAt?$AAD?$AAi?$AAr@ 0041849c     MSVCRTD:pdblkup.obj
 0003:000014dc       ??_C@_1BC@JINFINNJ@?$AAM?$AAS?$AAP?$AAD?$AAB?$AA1?$AA4?$AA0@ 004184dc     MSVCRTD:pdblkup.obj
 0003:000014f4       ??_C@_0BB@KCIACLNC@PDBOpenValidate5@ 004184f4     MSVCRTD:pdblkup.obj
 0003:00001508       ??_C@_01KDCPPGHE@r@        00418508     MSVCRTD:pdblkup.obj
 0003:00001548       __load_config_used         00418548     MSVCRTD:loadcfg.obj
 0003:000018f0       ___rtc_iaa                 004188f0     MSVCRTD:initsect.obj
 0003:00001af8       ___rtc_izz                 00418af8     MSVCRTD:initsect.obj
 0003:00001bfc       ___rtc_taa                 00418bfc     MSVCRTD:initsect.obj
 0003:00001e04       ___rtc_tzz                 00418e04     MSVCRTD:initsect.obj
 0004:00000270       ___security_cookie_complement 0041a270     MSVCRTD:gs_cookie.obj
 0004:00000274       ___security_cookie         0041a274     MSVCRTD:gs_cookie.obj
 0004:0000027c       ?_RTC_ErrorLevels@@3PAHA   0041a27c     MSVCRTD:error.obj
 0004:00000294       ___scrt_native_dllmain_reason 0041a294     MSVCRTD:utility.obj
 0004:00000298       ___scrt_default_matherr    0041a298     MSVCRTD:matherr.obj
 0004:0000029c       ___isa_enabled             0041a29c     MSVCRTD:cpu_disp.obj
 0004:000002a0       ___scrt_ucrt_dll_is_in_use 0041a2a0     MSVCRTD:ucrt_stubs.obj
 0004:000009d8       ?_OptionsStorage@?1??__local_stdio_printf_options@@9@4_KA 0041a9d8     MSVCRTD:error.obj
 0004:000009f0       ___scrt_current_native_startup_state 0041a9f0     MSVCRTD:utility.obj
 0004:000009f4       ___scrt_native_startup_lock 0041a9f4     MSVCRTD:utility.obj
 0004:00000a20       ?__type_info_root_node@@3U__type_info_node@@A 0041aa20     MSVCRTD:tncleanup.obj
 0004:00000a30       ?_OptionsStorage@?1??__local_stdio_scanf_options@@9@4_KA 0041aa30     MSVCRTD:default_local_stdio_options.obj
 0004:00000a3c       ___scrt_debugger_hook_flag 0041aa3c     MSVCRTD:utility_desktop.obj
 0004:00000a48       ___isa_available           0041aa48     MSVCRTD:cpu_disp.obj
 0004:00000a4c       ___favor                   0041aa4c     MSVCRTD:cpu_disp.obj
 0004:00000a54       __hInstance                0041aa54     <common>
 0004:00000a60       ___dyn_tls_dtor_callback   0041aa60     <common>
 0004:00000a6c       ___dyn_tls_init_callback   0041aa6c     <common>
 0005:00000000       __imp__GetStartupInfoW@4   0041b000     kernel32:KERNEL32.dll
 0005:00000004       __imp__SetUnhandledExceptionFilter@4 0041b004     kernel32:KERNEL32.dll
 0005:00000008       __imp__GetCurrentProcess@0 0041b008     kernel32:KERNEL32.dll
 0005:0000000c       __imp__TerminateProcess@8  0041b00c     kernel32:KERNEL32.dll
 0005:00000010       __imp__IsProcessorFeaturePresent@4 0041b010     kernel32:KERNEL32.dll
 0005:00000014       __imp__IsDebuggerPresent@0 0041b014     kernel32:KERNEL32.dll
 0005:00000018       __imp__RaiseException@16   0041b018     kernel32:KERNEL32.dll
 0005:0000001c       __imp__GetProcAddress@8    0041b01c     kernel32:KERNEL32.dll
 0005:00000020       __imp__FreeLibrary@4       0041b020     kernel32:KERNEL32.dll
 0005:00000024       __imp__VirtualQuery@12     0041b024     kernel32:KERNEL32.dll
 0005:00000028       __imp__GetProcessHeap@0    0041b028     kernel32:KERNEL32.dll
 0005:0000002c       __imp__HeapFree@12         0041b02c     kernel32:KERNEL32.dll
 0005:00000030       __imp__HeapAlloc@12        0041b030     kernel32:KERNEL32.dll
 0005:00000034       __imp__GetLastError@0      0041b034     kernel32:KERNEL32.dll
 0005:00000038       __imp__GetModuleHandleW@4  0041b038     kernel32:KERNEL32.dll
 0005:0000003c       __imp__UnhandledExceptionFilter@4 0041b03c     kernel32:KERNEL32.dll
 0005:00000040       __imp__InitializeSListHead@4 0041b040     kernel32:KERNEL32.dll
 0005:00000044       __imp__GetSystemTimeAsFileTime@4 0041b044     kernel32:KERNEL32.dll
 0005:00000048       __imp__GetCurrentThreadId@0 0041b048     kernel32:KERNEL32.dll
 0005:0000004c       __imp__GetCurrentProcessId@0 0041b04c     kernel32:KERNEL32.dll
 0005:00000050       __imp__QueryPerformanceCounter@4 0041b050     kernel32:KERNEL32.dll
 0005:00000054       __imp__WideCharToMultiByte@32 0041b054     kernel32:KERNEL32.dll
 0005:00000058       __imp__MultiByteToWideChar@24 0041b058     kernel32:KERNEL32.dll
 0005:0000005c       \177KERNEL32_NULL_THUNK_DATA 0041b05c     kernel32:KERNEL32.dll
 0005:00000098       __imp__GetDlgItemTextA@16  0041b098     user32:USER32.dll
 0005:0000009c       __imp__SetDlgItemTextA@12  0041b09c     user32:USER32.dll
 0005:000000a0       __imp__GetDlgItem@8        0041b0a0     user32:USER32.dll
 0005:000000a4       __imp__EndDialog@8         0041b0a4     user32:USER32.dll
 0005:000000a8       __imp__GetWindowTextLengthA@4 0041b0a8     user32:USER32.dll
 0005:000000ac       __imp__MessageBoxA@16      0041b0ac     user32:USER32.dll
 0005:000000b0       __imp__DialogBoxParamA@20  0041b0b0     user32:USER32.dll
 0005:000000b4       \177USER32_NULL_THUNK_DATA 0041b0b4     user32:USER32.dll
 0005:000000e4       __imp____current_exception_context 0041b0e4     vcruntimed:VCRUNTIME140D.dll
 0005:000000e8       __imp__memset              0041b0e8     vcruntimed:VCRUNTIME140D.dll
 0005:000000ec       __imp___except_handler4_common 0041b0ec     vcruntimed:VCRUNTIME140D.dll
 0005:000000f0       __imp____vcrt_GetModuleFileNameW 0041b0f0     vcruntimed:VCRUNTIME140D.dll
 0005:000000f4       __imp____vcrt_GetModuleHandleW 0041b0f4     vcruntimed:VCRUNTIME140D.dll
 0005:000000f8       __imp____vcrt_LoadLibraryExW 0041b0f8     vcruntimed:VCRUNTIME140D.dll
 0005:000000fc       __imp____current_exception 0041b0fc     vcruntimed:VCRUNTIME140D.dll
 0005:00000100       __imp____std_type_info_destroy_list 0041b100     vcruntimed:VCRUNTIME140D.dll
 0005:00000104       \177VCRUNTIME140D_NULL_THUNK_DATA 0041b104     vcruntimed:VCRUNTIME140D.dll
 0005:00000134       __imp___initialize_onexit_table 0041b134     ucrtd:ucrtbased.dll
 0005:00000138       __imp___register_onexit_function 0041b138     ucrtd:ucrtbased.dll
 0005:0000013c       __imp___execute_onexit_table 0041b13c     ucrtd:ucrtbased.dll
 0005:00000140       __imp___crt_atexit         0041b140     ucrtd:ucrtbased.dll
 0005:00000144       __imp___crt_at_quick_exit  0041b144     ucrtd:ucrtbased.dll
 0005:00000148       __imp___controlfp_s        0041b148     ucrtd:ucrtbased.dll
 0005:0000014c       __imp__terminate           0041b14c     ucrtd:ucrtbased.dll
 0005:00000150       __imp___wmakepath_s        0041b150     ucrtd:ucrtbased.dll
 0005:00000154       __imp___wsplitpath_s       0041b154     ucrtd:ucrtbased.dll
 0005:00000158       __imp__wcscpy_s            0041b158     ucrtd:ucrtbased.dll
 0005:0000015c       __imp____stdio_common_vsprintf_s 0041b15c     ucrtd:ucrtbased.dll
 0005:00000160       __imp___set_fmode          0041b160     ucrtd:ucrtbased.dll
 0005:00000164       __imp__exit                0041b164     ucrtd:ucrtbased.dll
 0005:00000168       __imp___initterm_e         0041b168     ucrtd:ucrtbased.dll
 0005:0000016c       __imp___initterm           0041b16c     ucrtd:ucrtbased.dll
 0005:00000170       __imp___get_narrow_winmain_command_line 0041b170     ucrtd:ucrtbased.dll
 0005:00000174       __imp___initialize_narrow_environment 0041b174     ucrtd:ucrtbased.dll
 0005:00000178       __imp___configure_narrow_argv 0041b178     ucrtd:ucrtbased.dll
 0005:0000017c       __imp____setusermatherr    0041b17c     ucrtd:ucrtbased.dll
 0005:00000180       __imp___set_app_type       0041b180     ucrtd:ucrtbased.dll
 0005:00000184       __imp___seh_filter_exe     0041b184     ucrtd:ucrtbased.dll
 0005:00000188       __imp___CrtDbgReportW      0041b188     ucrtd:ucrtbased.dll
 0005:0000018c       __imp___CrtDbgReport       0041b18c     ucrtd:ucrtbased.dll
 0005:00000190       __imp__strcpy              0041b190     ucrtd:ucrtbased.dll
 0005:00000194       __imp___seh_filter_dll     0041b194     ucrtd:ucrtbased.dll
 0005:00000198       __imp__strcpy_s            0041b198     ucrtd:ucrtbased.dll
 0005:0000019c       __imp____p__commode        0041b19c     ucrtd:ucrtbased.dll
 0005:000001a0       __imp___set_new_mode       0041b1a0     ucrtd:ucrtbased.dll
 0005:000001a4       __imp___configthreadlocale 0041b1a4     ucrtd:ucrtbased.dll
 0005:000001a8       __imp___register_thread_local_exe_atexit_callback 0041b1a8     ucrtd:ucrtbased.dll
 0005:000001ac       __imp___c_exit             0041b1ac     ucrtd:ucrtbased.dll
 0005:000001b0       __imp___exit               0041b1b0     ucrtd:ucrtbased.dll
 0005:000001b4       __imp___cexit              0041b1b4     ucrtd:ucrtbased.dll
 0005:000001b8       __imp__strcat_s            0041b1b8     ucrtd:ucrtbased.dll
 0005:000001bc       \177ucrtbased_NULL_THUNK_DATA 0041b1bc     ucrtd:ucrtbased.dll
 0005:00000200       __IMPORT_DESCRIPTOR_USER32 0041b200     user32:USER32.dll
 0005:00000214       __IMPORT_DESCRIPTOR_VCRUNTIME140D 0041b214     vcruntimed:VCRUNTIME140D.dll
 0005:00000228       __IMPORT_DESCRIPTOR_ucrtbased 0041b228     ucrtd:ucrtbased.dll
 0005:0000023c       __IMPORT_DESCRIPTOR_KERNEL32 0041b23c     kernel32:KERNEL32.dll
 0005:00000250       __NULL_IMPORT_DESCRIPTOR   0041b250     user32:USER32.dll
 0006:00000000       ___guard_check_icall_fptr  0041c000     MSVCRTD:guard_support.obj
 0006:00000004       ___guard_xfg_check_icall_fptr 0041c004     MSVCRTD:guard_support.obj

 entry point at        0002:00000262

 Static symbols

 0000:fffe4000       __guard_fids___except_handler4 00400000     MSVCRTD:chandler4gs.obj
 0000:fffe4000       __guard_fids_?pre_c_initialization@@YAHXZ 00400000     MSVCRTD:exe_winmain.obj
 0000:fffe4000       __guard_fids__             00400000     MSVCRTD:exe_winmain.obj
 0000:fffe4000       __guard_fids__             00400000     MSVCRTD:guard_support.obj
 0000:fffe4000       __guard_fids__             00400000     MSVCRTD:guard_support.obj
 0000:fffe4000       __guard_fids___guard_icall_checks_enforced 00400000     MSVCRTD:guard_support.obj
 0000:fffe4000       __guard_fids___CRT_RTC_INIT 00400000     MSVCRTD:init.obj
 0000:fffe4000       __guard_fids___CRT_RTC_INITW 00400000     MSVCRTD:init.obj
 0000:fffe4000       __guard_fids____scrt_set_unhandled_exception_filter 00400000     MSVCRTD:utility_desktop.obj
 0000:fffe2000       .debug$S                   00400000     vcruntimed:VCRUNTIME140D.dll
 0000:fffe2000       .debug$S                   00400000     vcruntimed:VCRUNTIME140D.dll
 0000:fffe2000       .debug$S                   00400000     vcruntimed:VCRUNTIME140D.dll
 0000:fffe2000       .debug$S                   00400000     vcruntimed:VCRUNTIME140D.dll
 0000:fffe2000       .debug$S                   00400000     vcruntimed:VCRUNTIME140D.dll
 0000:fffe2000       .debug$S                   00400000     vcruntimed:VCRUNTIME140D.dll
 0000:fffe2000       .debug$S                   00400000     vcruntimed:VCRUNTIME140D.dll
 0000:fffe2000       .debug$S                   00400000     vcruntimed:VCRUNTIME140D.dll
 0000:fffe2000       .debug$S                   00400000     ucrtd:ucrtbased.dll
 0000:fffe2000       .debug$S                   00400000     ucrtd:ucrtbased.dll
 0000:fffe2000       .debug$S                   00400000     ucrtd:ucrtbased.dll
 0000:fffe2000       .debug$S                   00400000     ucrtd:ucrtbased.dll
 0000:fffe2000       .debug$S                   00400000     ucrtd:ucrtbased.dll
 0000:fffe2000       .debug$S                   00400000     ucrtd:ucrtbased.dll
 0000:fffe2000       .debug$S                   00400000     ucrtd:ucrtbased.dll
 0000:fffe2000       .debug$S                   00400000     ucrtd:ucrtbased.dll
 0000:fffe2000       .debug$S                   00400000     ucrtd:ucrtbased.dll
 0000:fffe2000       .debug$S                   00400000     ucrtd:ucrtbased.dll
 0000:fffe2000       .debug$S                   00400000     ucrtd:ucrtbased.dll
 0000:fffe2000       .debug$S                   00400000     ucrtd:ucrtbased.dll
 0000:fffe2000       .debug$S                   00400000     ucrtd:ucrtbased.dll
 0000:fffe2000       .debug$S                   00400000     ucrtd:ucrtbased.dll
 0000:fffe2000       .debug$S                   00400000     ucrtd:ucrtbased.dll
 0000:fffe2000       .debug$S                   00400000     ucrtd:ucrtbased.dll
 0000:fffe2000       .debug$S                   00400000     ucrtd:ucrtbased.dll
 0000:fffe2000       .debug$S                   00400000     ucrtd:ucrtbased.dll
 0000:fffe2000       .debug$S                   00400000     ucrtd:ucrtbased.dll
 0000:fffe2000       .debug$S                   00400000     ucrtd:ucrtbased.dll
 0000:fffe2000       .debug$S                   00400000     ucrtd:ucrtbased.dll
 0000:fffe2000       .debug$S                   00400000     ucrtd:ucrtbased.dll
 0000:fffe2000       .debug$S                   00400000     ucrtd:ucrtbased.dll
 0000:fffe2000       .debug$S                   00400000     ucrtd:ucrtbased.dll
 0000:fffe2000       .debug$S                   00400000     ucrtd:ucrtbased.dll
 0000:fffe2000       .debug$S                   00400000     ucrtd:ucrtbased.dll
 0000:fffe2000       .debug$S                   00400000     ucrtd:ucrtbased.dll
 0000:fffe2000       .debug$S                   00400000     ucrtd:ucrtbased.dll
 0000:fffe2000       .debug$S                   00400000     ucrtd:ucrtbased.dll
 0000:fffe2000       .debug$S                   00400000     ucrtd:ucrtbased.dll
 0000:fffe2000       .debug$S                   00400000     ucrtd:ucrtbased.dll
 0000:fffe2000       .debug$S                   00400000     ucrtd:ucrtbased.dll
 0000:fffe2000       .debug$S                   00400000     ucrtd:ucrtbased.dll
 0000:fffe2000       .debug$S                   00400000     ucrtd:ucrtbased.dll
 0000:fffe2000       .debug$S                   00400000     kernel32:KERNEL32.dll
 0000:fffe2000       .debug$S                   00400000     kernel32:KERNEL32.dll
 0000:fffe2000       .debug$S                   00400000     kernel32:KERNEL32.dll
 0000:fffe2000       .debug$S                   00400000     kernel32:KERNEL32.dll
 0000:fffe2000       .debug$S                   00400000     kernel32:KERNEL32.dll
 0000:fffe2000       .debug$S                   00400000     kernel32:KERNEL32.dll
 0000:fffe2000       .debug$S                   00400000     kernel32:KERNEL32.dll
 0000:fffe2000       .debug$S                   00400000     kernel32:KERNEL32.dll
 0000:fffe2000       .debug$S                   00400000     kernel32:KERNEL32.dll
 0000:fffe2000       .debug$S                   00400000     kernel32:KERNEL32.dll
 0000:fffe2000       .debug$S                   00400000     kernel32:KERNEL32.dll
 0000:fffe2000       .debug$S                   00400000     kernel32:KERNEL32.dll
 0000:fffe2000       .debug$S                   00400000     kernel32:KERNEL32.dll
 0000:fffe2000       .debug$S                   00400000     kernel32:KERNEL32.dll
 0000:fffe2000       .debug$S                   00400000     kernel32:KERNEL32.dll
 0000:fffe2000       .debug$S                   00400000     kernel32:KERNEL32.dll
 0000:fffe2000       .debug$S                   00400000     kernel32:KERNEL32.dll
 0000:fffe2000       .debug$S                   00400000     kernel32:KERNEL32.dll
 0000:fffe2000       .debug$S                   00400000     kernel32:KERNEL32.dll
 0000:fffe2000       .debug$S                   00400000     kernel32:KERNEL32.dll
 0000:fffe2000       .debug$S                   00400000     kernel32:KERNEL32.dll
 0000:fffe2000       .debug$S                   00400000     kernel32:KERNEL32.dll
 0000:fffe2000       .debug$S                   00400000     kernel32:KERNEL32.dll
 0000:fffe2000       .debug$S                   00400000     user32:USER32.dll
 0000:fffe2000       .debug$S                   00400000     user32:USER32.dll
 0000:fffe2000       .debug$S                   00400000     user32:USER32.dll
 0000:fffe2000       .debug$S                   00400000     user32:USER32.dll
 0000:fffe2000       .debug$S                   00400000     user32:USER32.dll
 0000:fffe2000       .debug$S                   00400000     user32:USER32.dll
 0000:fffe2000       .debug$S                   00400000     user32:USER32.dll
 0000:fffe4004       __guard_fids__             00400004     MSVCRTD:exe_winmain.obj
 0000:fffe4008       __guard_fids__             00400008     MSVCRTD:exe_winmain.obj
 0002:00000ae0       $$000000                   00411ae0     io.obj
 0002:000013b0       ?pre_c_initialization@@YAHXZ 004123b0 f   MSVCRTD:exe_winmain.obj
 0002:00001490       ?post_pgo_initialization@@YAHXZ 00412490 f   MSVCRTD:exe_winmain.obj
 0002:000014a0       ?pre_cpp_initialization@@YAXXZ 004124a0 f   MSVCRTD:exe_winmain.obj
 0002:000014c0       ?__scrt_common_main@@YAHXZ 004124c0 f   MSVCRTD:exe_winmain.obj
 0002:000014e0       ?__scrt_common_main_seh@@YAHXZ 004124e0 f   MSVCRTD:exe_winmain.obj
 0002:000017b0       ?invoke_main@@YAHXZ        004127b0 f   MSVCRTD:exe_winmain.obj
 0002:00001860       ?DebuggerProbe@@YA_NK@Z    00412860 f   MSVCRTD:error.obj
 0002:000018b0       ?DebuggerRuntime@@YA_NKHPAXPB_W@Z 004128b0 f   MSVCRTD:error.obj
 0002:00001b80       ?_getMemBlockDataString@@YAXPAD0PBDI@Z 00412b80 f   MSVCRTD:error.obj
 0002:00001c10       ?_strlen_priv@@YAIPBD@Z    00412c10 f   MSVCRTD:error.obj
 0002:00001c30       ?failwithmessage@@YAXPAXHHPBD@Z 00412c30 f   MSVCRTD:error.obj
 0002:00001eb0       ?notify_debugger@@YAXABUtagEXCEPTION_VISUALCPP_DEBUG_INFO@@@Z 00412eb0 f   MSVCRTD:error.obj
 0002:00002190       ?find_pe_section@@YAPAU_IMAGE_SECTION_HEADER@@QAEI@Z 00413190 f   MSVCRTD:utility.obj
 0002:00002240       ?is_potentially_valid_image_base@@YA_NQAX@Z 00413240 f   MSVCRTD:utility.obj
 0002:00002950       ___get_entropy             00413950 f   MSVCRTD:gs_support.obj
 0002:00003130       ?GetPdbDll@@YAPAUHINSTANCE__@@XZ 00414130 f   MSVCRTD:pdblkup.obj
 0002:000032c0       ?GetPdbDllFromInstallPath@@YAPAUHINSTANCE__@@XZ 004142c0 f   MSVCRTD:pdblkup.obj
 0002:000035b0       ?GetPdbDllPathFromFilePath@@YAHPB_WPA_WI@Z 004145b0 f   MSVCRTD:pdblkup.obj
 0002:00004320       $$000000                   00415320     example.obj
 0003:00000104       ?pre_cpp_initializer@@3P6AXXZA 00417104     MSVCRTD:exe_winmain.obj
 0003:00000410       ?pre_c_initializer@@3P6AHXZA 00417410     MSVCRTD:exe_winmain.obj
 0003:00000514       ?post_pgo_initializer@@3P6AHXZA 00417514     MSVCRTD:exe_winmain.obj
 0003:00000b54       _GS_ExceptionPointers      00417b54     MSVCRTD:gs_report.obj
 0003:00000b60       ?_RTC_ErrorMessages@@3QBQBDB 00417b60     MSVCRTD:error.obj
 0003:00000b78       ?_RTC_NoFalsePositives@@3QBHB 00417b78     MSVCRTD:error.obj
 0003:00000b90       ?stack_premsg@@3QBDB       00417b90     MSVCRTD:error.obj
 0003:00000bac       ?stack_postmsg@@3QBDB      00417bac     MSVCRTD:error.obj
 0003:00000bc0       ?uninit_premsg@@3QBDB      00417bc0     MSVCRTD:error.obj
 0003:00000bd0       ?uninit_postmsg@@3QBDB     00417bd0     MSVCRTD:error.obj
 0003:00001220       ?_RTC_errlist@@3QBQBDB     00418220     MSVCRTD:userapi.obj
 0003:00001304       ?mspdbName@@3QB_WB         00418304     MSVCRTD:pdblkup.obj
 0003:00001328       ?debugCrtFileName@@3QB_WB  00418328     MSVCRTD:pdblkup.obj
 0003:000014b8       ?dllExt@?1??GetPdbDllPathFromFilePath@@YAHPB_WPA_WI@Z@4QB_WB 004184b8     MSVCRTD:pdblkup.obj
 0003:000014c4       ?mspdbFilename@?1??GetPdbDllPathFromFilePath@@YAHPB_WPA_WI@Z@4QB_WB 004184c4     MSVCRTD:pdblkup.obj
 0003:000019f4       __RTC_InitBase.rtc$IMZ     004189f4     framework.obj
 0003:00001d00       __RTC_Shutdown.rtc$TMZ     00418d00     framework.obj
 0003:00001f08       __sehtable$?__scrt_common_main_seh@@YAHXZ 00418f08     MSVCRTD:exe_winmain.obj
 0003:00001f28       __sehtable$?notify_debugger@@YAXABUtagEXCEPTION_VISUALCPP_DEBUG_INFO@@@Z 00418f28     MSVCRTD:error.obj
 0003:00001f48       __sehtable$___scrt_is_nonwritable_in_current_image 00418f48     MSVCRTD:utility.obj
 0004:00000000       addrStore                  0041a000     example.obj
 0004:000003b0       _buf                       0041a3b0     framework.obj
 0004:000004b0       _inputLabel                0041a4b0     framework.obj
 0004:00000618       _GS_ExceptionRecord        0041a618     MSVCRTD:gs_report.obj
 0004:00000668       _GS_ContextRecord          0041a668     MSVCRTD:gs_report.obj
 0004:000009d3       ?init@?1??_RTC_InitBase@@9@4_NA 0041a9d3     MSVCRTD:init.obj
 0004:000009e4       ?_RTC_ErrorReportFunc@@3P6AHHPBDH00ZZA 0041a9e4     MSVCRTD:userapi.obj
 0004:000009e8       ?_RTC_ErrorReportFuncW@@3P6AHHPB_WH00ZZA 0041a9e8     MSVCRTD:userapi.obj
 0004:000009f8       ?is_initialized_as_dll@@3_NA 0041a9f8     MSVCRTD:utility.obj
 0004:000009f9       ?module_local_atexit_table_initialized@@3_NA 0041a9f9     MSVCRTD:utility.obj
 0004:000009fc       ?module_local_atexit_table@@3U_onexit_table_t@@A 0041a9fc     MSVCRTD:utility.obj
 0004:00000a08       ?module_local_at_quick_exit_table@@3U_onexit_table_t@@A 0041aa08     MSVCRTD:utility.obj
 0004:00000a40       ?mspdb@@3PAUHINSTANCE__@@A 0041aa40     MSVCRTD:pdblkup.obj
 0004:00000a44       ?alreadyTried@?1??GetPdbDll@@YAPAUHINSTANCE__@@XZ@4_NA 0041aa44     MSVCRTD:pdblkup.obj
 0004:00000a45       ?PDBOK@?1??_RTC_GetSrcLine@@YAHPAEPA_WKPAH1K@Z@4_NA 0041aa45     MSVCRTD:pdblkup.obj
 0005:000004da       .idata$6                   0041b4da     user32:USER32.dll
 0005:000005ac       .idata$6                   0041b5ac     vcruntimed:VCRUNTIME140D.dll
 0005:00000832       .idata$6                   0041b832     ucrtd:ucrtbased.dll
 0005:00000a16       .idata$6                   0041ba16     kernel32:KERNEL32.dll
 0007:000001c0       $R000000                   0041d1c0     framework.res
 0007:00000268       $R0000A8                   0041d268     framework.res
