 windows32

 Timestamp is 5f960763 (Sun Oct 25 16:16:51 2020)

 Preferred load address is 00400000

 Start         Length     Name                   Class
 0001:00000000 00010000H .textbss                DATA
 0002:00000000 000058abH .text$mn                CODE
 0003:00000000 00000104H .CRT$XCA                DATA
 0003:00000104 00000104H .CRT$XCAA               DATA
 0003:00000208 00000104H .CRT$XCZ                DATA
 0003:0000030c 00000104H .CRT$XIA                DATA
 0003:00000410 00000104H .CRT$XIAA               DATA
 0003:00000514 00000104H .CRT$XIAC               DATA
 0003:00000618 00000104H .CRT$XIZ                DATA
 0003:0000071c 00000104H .CRT$XPA                DATA
 0003:00000820 00000104H .CRT$XPZ                DATA
 0003:00000924 00000104H .CRT$XTA                DATA
 0003:00000a28 00000108H .CRT$XTZ                DATA
 0003:00000b30 00000c2cH .rdata                  DATA
 0003:0000175c 0000018cH .rdata$zzzdbg           DATA
 0003:000018e8 00000104H .rtc$IAA                DATA
 0003:000019ec 00000104H .rtc$IMZ                DATA
 0003:00001af0 00000104H .rtc$IZZ                DATA
 0003:00001bf4 00000104H .rtc$TAA                DATA
 0003:00001cf8 00000104H .rtc$TMZ                DATA
 0003:00001dfc 00000104H .rtc$TZZ                DATA
 0003:00001f00 00000169H .xdata$x                DATA
 0003:00002069 00000000H .edata                  DATA
 0004:00000000 000003b0H .data                   DATA
 0004:000003b0 000006c8H .bss                    DATA
 0005:00000000 00000200H .idata$5                DATA
 0005:00000200 00000050H .idata$2                DATA
 0005:00000250 00000014H .idata$3                DATA
 0005:00000264 00000200H .idata$4                DATA
 0005:00000464 00000753H .idata$6                DATA
 0006:00000000 00000109H .00cfg                  DATA
 0007:00000000 000001c0H .rsrc$01                DATA
 0007:000001c0 00000396H .rsrc$02                DATA

  Address         Publics by Value              Rva+Base       Lib:Object

 0000:00000000       ___volatile_metadata       00000000     <absolute>
 0000:00000000       ___hybrid_auxiliary_iat    00000000     <absolute>
 0000:00000000       ___x64_code_ranges_to_entry_points 00000000     <absolute>
 0000:00000000       ___hybrid_code_map         00000000     <absolute>
 0000:00000000       ___guard_iat_count         00000000     <absolute>
 0000:00000000       ___guard_eh_cont_count     00000000     <absolute>
 0000:00000000       ___enclave_config          00000000     <absolute>
 0000:00000000       ___AbsoluteZero            00000000     <absolute>
 0000:00000000       ___x64_code_ranges_to_entry_points_count 00000000     <absolute>
 0000:00000000       ___arm64x_redirection_metadata_count 00000000     <absolute>
 0000:00000000       ___arm64x_extra_rfe_table  00000000     <absolute>
 0000:00000000       ___dynamic_value_reloc_table 00000000     <absolute>
 0000:00000000       ___guard_eh_cont_table     00000000     <absolute>
 0000:00000000       ___guard_fids_table        00000000     <absolute>
 0000:00000000       ___arm64x_extra_rfe_table_size 00000000     <absolute>
 0000:00000000       ___arm64x_native_entrypoint 00000000     <absolute>
 0000:00000000       ___guard_fids_count        00000000     <absolute>
 0000:00000000       ___hybrid_code_map_count   00000000     <absolute>
 0000:00000000       ___safe_se_handler_table   00000000     <absolute>
 0000:00000000       ___guard_iat_table         00000000     <absolute>
 0000:00000000       ___arm64x_redirection_metadata 00000000     <absolute>
 0000:00000000       ___guard_longjmp_count     00000000     <absolute>
 0000:00000000       ___safe_se_handler_count   00000000     <absolute>
 0000:00000000       ___guard_longjmp_table     00000000     <absolute>
 0000:00000100       ___guard_flags             00000100     <absolute>
 0000:00000000       ___ImageBase               00400000     <linker-defined>
 0001:00000000       __enc$textbss$begin        00401000     <linker-defined>
 0001:00010000       __enc$textbss$end          00411000     <linker-defined>
 0002:00000780       _DlgProc@16                00411780 f   framework.obj
 0002:00000960       _WinMain@16                00411960 f   framework.obj
 0002:000009c0       _getInput                  004119c0 f   framework.obj
 0002:00000a90       _showOutput                00411a90 f   framework.obj
 0002:00000af0       _MainProc                  00411af0 f   example.obj
 0002:00000bd4       InsertProc                 00411bd4 f   example.obj
 0002:00000c2b       CheckProc                  00411c2b f   example.obj
 0002:00000cb0       wtoaproc                   00411cb0 f   io.obj
 0002:00000d1d       dtoaproc                   00411d1d f   io.obj
 0002:00000d98       atowproc                   00411d98 f   io.obj
 0002:00000df4       atodproc                   00411df4 f   io.obj
 0002:00000eb6       _DialogBoxParamA@20        00411eb6 f   user32:USER32.dll
 0002:00000ebc       _EndDialog@8               00411ebc f   user32:USER32.dll
 0002:00000ec2       _GetDlgItem@8              00411ec2 f   user32:USER32.dll
 0002:00000ec8       _SetDlgItemTextA@12        00411ec8 f   user32:USER32.dll
 0002:00000ece       _GetDlgItemTextA@16        00411ece f   user32:USER32.dll
 0002:00000ed4       _GetWindowTextLengthA@4    00411ed4 f   user32:USER32.dll
 0002:00000eda       _MessageBoxA@16            00411eda f   user32:USER32.dll
 0002:00000ee0       ___raise_securityfailure   00411ee0 f   MSVCRTD:gs_report.obj
 0002:00000f20       ___report_gsfailure        00411f20 f   MSVCRTD:gs_report.obj
 0002:00001070       ___report_rangecheckfailure 00412070 f   MSVCRTD:gs_report.obj
 0002:00001080       ___report_securityfailure  00412080 f   MSVCRTD:gs_report.obj
 0002:00001190       ___report_securityfailureEx 00412190 f   MSVCRTD:gs_report.obj
 0002:00001300       @_RTC_AllocaHelper@12      00412300 f   MSVCRTD:stack.obj
 0002:00001340       @_RTC_CheckStackVars2@12   00412340 f   MSVCRTD:stack.obj
 0002:00001450       @_RTC_CheckStackVars@8     00412450 f   MSVCRTD:stack.obj
 0002:000014c0       __RTC_CheckEsp             004124c0 f   MSVCRTD:stack.obj
 0002:00001500       __CRT_RTC_INIT             00412500 f   MSVCRTD:init.obj
 0002:00001510       __CRT_RTC_INITW            00412510 f   MSVCRTD:init.obj
 0002:00001520       __RTC_InitBase             00412520 f   MSVCRTD:init.obj
 0002:00001560       __RTC_Shutdown             00412560 f   MSVCRTD:init.obj
 0002:00001950       ?configure_argv@__scrt_narrow_argv_policy@@SAHXZ 00412950 f i MSVCRTD:exe_winmain.obj
 0002:00001970       ?initialize_environment@__scrt_narrow_environment_policy@@SAHXZ 00412970 f i MSVCRTD:exe_winmain.obj
 0002:000019c0       ?set_app_type@__scrt_winmain_policy@@SAXXZ 004129c0 f i MSVCRTD:exe_winmain.obj
 0002:000019e0       ?set_commode@__scrt_file_policy@@SAXXZ 004129e0 f i MSVCRTD:exe_winmain.obj
 0002:00001a00       ?set_fmode@__scrt_file_policy@@SAXXZ 00412a00 f i MSVCRTD:exe_winmain.obj
 0002:00001a20       _WinMainCRTStartup         00412a20 f   MSVCRTD:exe_winmain.obj
 0002:00001ae0       ?_RTC_AllocaFailure@@YAXPAXPAU_RTC_ALLOCA_NODE@@H@Z 00412ae0 f   MSVCRTD:error.obj
 0002:00001c00       ?_RTC_Failure@@YAXPAXH@Z   00412c00 f   MSVCRTD:error.obj
 0002:00001c70       ?_RTC_StackFailure@@YAXPAXPBD@Z 00412c70 f   MSVCRTD:error.obj
 0002:00002120       __RTC_UninitUse            00413120 f   MSVCRTD:error.obj
 0002:00002200       ___local_stdio_printf_options 00413200 f i MSVCRTD:error.obj
 0002:00002210       __vsprintf_s_l             00413210 f i MSVCRTD:error.obj
 0002:00002250       _sprintf_s                 00413250 f i MSVCRTD:error.obj
 0002:00002280       ?_RTC_GetErrorFunc@@YAP6AHHPBDH00ZZPBX@Z 00413280 f   MSVCRTD:userapi.obj
 0002:00002290       ?_RTC_GetErrorFuncW@@YAP6AHHPB_WH00ZZPBX@Z 00413290 f   MSVCRTD:userapi.obj
 0002:000022a0       __RTC_GetErrDesc           004132a0 f   MSVCRTD:userapi.obj
 0002:000022c0       __RTC_NumErrors            004132c0 f   MSVCRTD:userapi.obj
 0002:000022d0       __RTC_SetErrorFunc         004132d0 f   MSVCRTD:userapi.obj
 0002:00002300       __RTC_SetErrorFuncW        00413300 f   MSVCRTD:userapi.obj
 0002:00002330       __RTC_SetErrorType         00413330 f   MSVCRTD:userapi.obj
 0002:000024a0       _NtCurrentTeb              004134a0 f i MSVCRTD:utility.obj
 0002:000024b0       ___scrt_acquire_startup_lock 004134b0 f   MSVCRTD:utility.obj
 0002:00002510       ___scrt_dllmain_after_initialize_c 00413510 f   MSVCRTD:utility.obj
 0002:00002550       ___scrt_dllmain_before_initialize_c 00413550 f   MSVCRTD:utility.obj
 0002:00002580       ___scrt_dllmain_crt_thread_attach 00413580 f   MSVCRTD:utility.obj
 0002:000025c0       ___scrt_dllmain_crt_thread_detach 004135c0 f   MSVCRTD:utility.obj
 0002:000025e0       ___scrt_dllmain_exception_filter 004135e0 f   MSVCRTD:utility.obj
 0002:00002640       ___scrt_dllmain_uninitialize_c 00413640 f   MSVCRTD:utility.obj
 0002:00002680       ___scrt_dllmain_uninitialize_critical 00413680 f   MSVCRTD:utility.obj
 0002:000026a0       ___scrt_initialize_crt     004136a0 f   MSVCRTD:utility.obj
 0002:00002700       ___scrt_initialize_onexit_tables 00413700 f   MSVCRTD:utility.obj
 0002:00002810       ___scrt_is_nonwritable_in_current_image 00413810 f   MSVCRTD:utility.obj
 0002:00002990       ___scrt_release_startup_lock 00413990 f   MSVCRTD:utility.obj
 0002:000029c0       ___scrt_uninitialize_crt   004139c0 f   MSVCRTD:utility.obj
 0002:00002a10       __onexit                   00413a10 f   MSVCRTD:utility.obj
 0002:00002a90       _at_quick_exit             00413a90 f   MSVCRTD:utility.obj
 0002:00002ae0       _atexit                    00413ae0 f   MSVCRTD:utility.obj
 0002:00002bb0       ___security_init_cookie    00413bb0 f   MSVCRTD:gs_support.obj
 0002:00002c50       __matherr                  00413c50 f   MSVCRTD:matherr.obj
 0002:00002c60       __get_startup_argv_mode    00413c60 f   MSVCRTD:argv_mode.obj
 0002:00002c70       __get_startup_commit_mode  00413c70 f   MSVCRTD:commit_mode.obj
 0002:00002c80       __get_startup_file_mode    00413c80 f   MSVCRTD:file_mode.obj
 0002:00002c90       __get_startup_new_mode     00413c90 f   MSVCRTD:new_mode.obj
 0002:00002ca0       __get_startup_thread_locale_mode 00413ca0 f   MSVCRTD:thread_locale.obj
 0002:00002cb0       ?__scrt_initialize_type_info@@YAXXZ 00413cb0 f   MSVCRTD:tncleanup.obj
 0002:00002cd0       ?__scrt_uninitialize_type_info@@YAXXZ 00413cd0 f   MSVCRTD:tncleanup.obj
 0002:00002cf0       __should_initialize_environment 00413cf0 f   MSVCRTD:env_mode.obj
 0002:00002d00       __initialize_default_precision 00413d00 f   MSVCRTD:default_precision.obj
 0002:00002d30       __initialize_invalid_parameter_handler 00413d30 f   MSVCRTD:invalid_parameter_handler.obj
 0002:00002d40       __initialize_denormal_control 00413d40 f   MSVCRTD:denormal_control.obj
 0002:00002d50       ___local_stdio_scanf_options 00413d50 f i MSVCRTD:default_local_stdio_options.obj
 0002:00002d60       ___scrt_initialize_default_local_stdio_options 00413d60 f   MSVCRTD:default_local_stdio_options.obj
 0002:00002db0       ___scrt_is_user_matherr_present 00413db0 f   MSVCRTD:matherr_detection.obj
 0002:00002de0       ___scrt_get_dyn_tls_init_callback 00413de0 f   MSVCRTD:dyn_tls_init.obj
 0002:00002df0       ___scrt_get_dyn_tls_dtor_callback 00413df0 f   MSVCRTD:dyn_tls_dtor.obj
 0002:00002e00       ___scrt_fastfail           00413e00 f   MSVCRTD:utility_desktop.obj
 0002:00002f90       ___scrt_get_show_window_mode 00413f90 f   MSVCRTD:utility_desktop.obj
 0002:00002fe0       ___scrt_initialize_mta     00413fe0 f   MSVCRTD:utility_desktop.obj
 0002:00002ff0       ___scrt_initialize_winrt   00413ff0 f   MSVCRTD:utility_desktop.obj
 0002:00003000       ___scrt_is_managed_app     00414000 f   MSVCRTD:utility_desktop.obj
 0002:000030b0       ___scrt_set_unhandled_exception_filter 004140b0 f   MSVCRTD:utility_desktop.obj
 0002:000030d0       ___scrt_exe_initialize_mta 004140d0 f   MSVCRTD:utility_desktop.obj
 0002:000030d0       ___scrt_stub_for_initialize_mta 004140d0 f   MSVCRTD:utility_desktop.obj
 0002:000030e0       ___scrt_unhandled_exception_filter@4 004140e0 f   MSVCRTD:utility_desktop.obj
 0002:00003180       __crt_debugger_hook        00414180 f   MSVCRTD:utility_desktop.obj
 0002:000031a0       __RTC_Initialize           004141a0 f   MSVCRTD:initsect.obj
 0002:000031e0       __RTC_Terminate            004141e0 f   MSVCRTD:initsect.obj
 0002:00003220       __except_handler4          00414220 f   MSVCRTD:chandler4gs.obj
 0002:00003270       @_guard_check_icall_nop@4  00414270 f i MSVCRTD:guard_support.obj
 0002:00003280       _ReadNoFence               00414280 f i MSVCRTD:guard_support.obj
 0002:000032a0       _ReadPointerNoFence        004142a0 f i MSVCRTD:guard_support.obj
 0002:000032c0       __guard_icall_checks_enforced 004142c0 f i MSVCRTD:guard_support.obj
 0002:00003890       ?_RTC_GetSrcLine@@YAHPAEPA_WKPAH1K@Z 00414890 f   MSVCRTD:pdblkup.obj
 0002:00003cf0       @__security_check_cookie@4 00414cf0 f   MSVCRTD:secchk.obj
 0002:00003d10       __except_handler4_noexcept 00414d10 f   MSVCRTD:chandler4_noexcept.obj
 0002:00003d90       ___isa_available_init      00414d90 f   MSVCRTD:cpu_disp.obj
 0002:00004190       ___scrt_is_ucrt_dll_in_use 00415190 f   MSVCRTD:ucrt_detection.obj
 0002:000041bd       ___std_type_info_destroy_list 004151bd f   vcruntimed:VCRUNTIME140D.dll
 0002:000041c3       ___current_exception       004151c3 f   vcruntimed:VCRUNTIME140D.dll
 0002:000041c9       ___current_exception_context 004151c9 f   vcruntimed:VCRUNTIME140D.dll
 0002:000041cf       _memset                    004151cf f   vcruntimed:VCRUNTIME140D.dll
 0002:000041d5       __except_handler4_common   004151d5 f   vcruntimed:VCRUNTIME140D.dll
 0002:000041db       ___vcrt_GetModuleFileNameW 004151db f   vcruntimed:VCRUNTIME140D.dll
 0002:000041e1       ___vcrt_GetModuleHandleW   004151e1 f   vcruntimed:VCRUNTIME140D.dll
 0002:000041e7       ___vcrt_LoadLibraryExW     004151e7 f   vcruntimed:VCRUNTIME140D.dll
 0002:000041ed       _strcpy                    004151ed f   ucrtd:ucrtbased.dll
 0002:000041f3       __CrtDbgReport             004151f3 f   ucrtd:ucrtbased.dll
 0002:000041f9       __CrtDbgReportW            004151f9 f   ucrtd:ucrtbased.dll
 0002:000041ff       __seh_filter_exe           004151ff f   ucrtd:ucrtbased.dll
 0002:00004205       __set_app_type             00415205 f   ucrtd:ucrtbased.dll
 0002:0000420b       ___setusermatherr          0041520b f   ucrtd:ucrtbased.dll
 0002:00004211       __configure_narrow_argv    00415211 f   ucrtd:ucrtbased.dll
 0002:00004217       __initialize_narrow_environment 00415217 f   ucrtd:ucrtbased.dll
 0002:0000421d       __get_narrow_winmain_command_line 0041521d f   ucrtd:ucrtbased.dll
 0002:00004223       __initterm                 00415223 f   ucrtd:ucrtbased.dll
 0002:00004229       __initterm_e               00415229 f   ucrtd:ucrtbased.dll
 0002:0000422f       _exit                      0041522f f   ucrtd:ucrtbased.dll
 0002:00004235       __exit                     00415235 f   ucrtd:ucrtbased.dll
 0002:0000423b       __set_fmode                0041523b f   ucrtd:ucrtbased.dll
 0002:00004241       __cexit                    00415241 f   ucrtd:ucrtbased.dll
 0002:00004247       __c_exit                   00415247 f   ucrtd:ucrtbased.dll
 0002:0000424d       __register_thread_local_exe_atexit_callback 0041524d f   ucrtd:ucrtbased.dll
 0002:00004253       __configthreadlocale       00415253 f   ucrtd:ucrtbased.dll
 0002:00004259       __set_new_mode             00415259 f   ucrtd:ucrtbased.dll
 0002:0000425f       ___p__commode              0041525f f   ucrtd:ucrtbased.dll
 0002:00004265       _strcpy_s                  00415265 f   ucrtd:ucrtbased.dll
 0002:0000426b       _strcat_s                  0041526b f   ucrtd:ucrtbased.dll
 0002:00004271       ___stdio_common_vsprintf_s 00415271 f   ucrtd:ucrtbased.dll
 0002:00004277       __seh_filter_dll           00415277 f   ucrtd:ucrtbased.dll
 0002:0000427d       __initialize_onexit_table  0041527d f   ucrtd:ucrtbased.dll
 0002:00004283       __register_onexit_function 00415283 f   ucrtd:ucrtbased.dll
 0002:00004289       __execute_onexit_table     00415289 f   ucrtd:ucrtbased.dll
 0002:0000428f       __crt_atexit               0041528f f   ucrtd:ucrtbased.dll
 0002:00004295       __crt_at_quick_exit        00415295 f   ucrtd:ucrtbased.dll
 0002:0000429b       __controlfp_s              0041529b f   ucrtd:ucrtbased.dll
 0002:000042a1       _terminate                 004152a1 f   ucrtd:ucrtbased.dll
 0002:000042a7       __wmakepath_s              004152a7 f   ucrtd:ucrtbased.dll
 0002:000042ad       __wsplitpath_s             004152ad f   ucrtd:ucrtbased.dll
 0002:000042b3       _wcscpy_s                  004152b3 f   ucrtd:ucrtbased.dll
 0002:000042b9       _UnhandledExceptionFilter@4 004152b9 f   kernel32:KERNEL32.dll
 0002:000042bf       _SetUnhandledExceptionFilter@4 004152bf f   kernel32:KERNEL32.dll
 0002:000042c5       _GetCurrentProcess@0       004152c5 f   kernel32:KERNEL32.dll
 0002:000042cb       _TerminateProcess@8        004152cb f   kernel32:KERNEL32.dll
 0002:000042d1       _IsProcessorFeaturePresent@4 004152d1 f   kernel32:KERNEL32.dll
 0002:000042d7       _IsDebuggerPresent@0       004152d7 f   kernel32:KERNEL32.dll
 0002:000042dd       _RaiseException@16         004152dd f   kernel32:KERNEL32.dll
 0002:000042e3       _MultiByteToWideChar@24    004152e3 f   kernel32:KERNEL32.dll
 0002:000042e9       _WideCharToMultiByte@32    004152e9 f   kernel32:KERNEL32.dll
 0002:000042ef       _QueryPerformanceCounter@4 004152ef f   kernel32:KERNEL32.dll
 0002:000042f5       _GetCurrentProcessId@0     004152f5 f   kernel32:KERNEL32.dll
 0002:000042fb       _GetCurrentThreadId@0      004152fb f   kernel32:KERNEL32.dll
 0002:00004301       _GetSystemTimeAsFileTime@4 00415301 f   kernel32:KERNEL32.dll
 0002:00004307       _InitializeSListHead@4     00415307 f   kernel32:KERNEL32.dll
 0002:0000430d       _GetStartupInfoW@4         0041530d f   kernel32:KERNEL32.dll
 0002:00004313       _GetModuleHandleW@4        00415313 f   kernel32:KERNEL32.dll
 0002:00004319       _GetLastError@0            00415319 f   kernel32:KERNEL32.dll
 0002:0000431f       _HeapAlloc@12              0041531f f   kernel32:KERNEL32.dll
 0002:00004325       _HeapFree@12               00415325 f   kernel32:KERNEL32.dll
 0002:0000432b       _GetProcessHeap@0          0041532b f   kernel32:KERNEL32.dll
 0002:00004331       _VirtualQuery@12           00415331 f   kernel32:KERNEL32.dll
 0002:00004337       _FreeLibrary@4             00415337 f   kernel32:KERNEL32.dll
 0002:0000433d       _GetProcAddress@8          0041533d f   kernel32:KERNEL32.dll
 0002:00004350       ___scrt_stub_for_acrt_initialize 00415350 f   MSVCRTD:ucrt_stubs.obj
 0002:00004350       ___vcrt_initialize         00415350 f   MSVCRTD:ucrt_stubs.obj
 0002:00004350       ___acrt_initialize         00415350 f   MSVCRTD:ucrt_stubs.obj
 0002:00004360       ___acrt_thread_attach      00415360 f   MSVCRTD:ucrt_stubs.obj
 0002:00004360       ___vcrt_thread_attach      00415360 f   MSVCRTD:ucrt_stubs.obj
 0002:00004360       ___scrt_stub_for_acrt_thread_attach 00415360 f   MSVCRTD:ucrt_stubs.obj
 0002:00004370       ___scrt_stub_for_acrt_thread_detach 00415370 f   MSVCRTD:ucrt_stubs.obj
 0002:00004370       ___acrt_thread_detach      00415370 f   MSVCRTD:ucrt_stubs.obj
 0002:00004370       ___vcrt_thread_detach      00415370 f   MSVCRTD:ucrt_stubs.obj
 0002:00004380       ___vcrt_uninitialize       00415380 f   MSVCRTD:ucrt_stubs.obj
 0002:00004380       ___scrt_stub_for_acrt_uninitialize 00415380 f   MSVCRTD:ucrt_stubs.obj
 0002:00004380       ___acrt_uninitialize       00415380 f   MSVCRTD:ucrt_stubs.obj
 0002:00004390       ___acrt_uninitialize_critical 00415390 f   MSVCRTD:ucrt_stubs.obj
 0002:00004390       ___scrt_stub_for_acrt_uninitialize_critical 00415390 f   MSVCRTD:ucrt_stubs.obj
 0002:00004390       ___vcrt_uninitialize_critical 00415390 f   MSVCRTD:ucrt_stubs.obj
 0002:000043a0       ___scrt_stub_for_is_c_termination_complete 004153a0 f   MSVCRTD:ucrt_stubs.obj
 0002:000043a0       __is_c_termination_complete 004153a0 f   MSVCRTD:ucrt_stubs.obj
 0002:000043b0       __filter_x86_sse2_floating_point_exception 004153b0 f   MSVCRTD:x86_exception_filter.obj
 0002:000043b0       __filter_x86_sse2_floating_point_exception_default 004153b0 f   MSVCRTD:x86_exception_filter.obj
 0003:00000000       ___xc_a                    00417000     MSVCRTD:initializers.obj
 0003:00000208       ___xc_z                    00417208     MSVCRTD:initializers.obj
 0003:0000030c       ___xi_a                    0041730c     MSVCRTD:initializers.obj
 0003:00000618       ___xi_z                    00417618     MSVCRTD:initializers.obj
 0003:0000071c       ___xp_a                    0041771c     MSVCRTD:initializers.obj
 0003:00000820       ___xp_z                    00417820     MSVCRTD:initializers.obj
 0003:00000924       ___xt_a                    00417924     MSVCRTD:initializers.obj
 0003:00000a28       ___xt_z                    00417a28     MSVCRTD:initializers.obj
 0003:00000b30       ??_C@_00CNPNBAHC@@         00417b30     framework.obj
 0003:00000b34       ??_C@_07KGMMFLDN@Warning@  00417b34     framework.obj
 0003:00000b40       ??_C@_0BA@KGPGJABH@Nothing?5entered@ 00417b40     framework.obj
 0003:00000c20       ??_C@_0NN@JMPELKLB@The?5value?5of?5ESP?5was?5not?5proper@ 00417c20     MSVCRTD:error.obj
 0003:00000d30       ??_C@_0BBN@ELNNILBE@A?5cast?5to?5a?5smaller?5data?5type?5h@ 00417d30     MSVCRTD:error.obj
 0003:00000e88       ??_C@_0BN@BPOGFMJL@Stack?5memory?5was?5corrupted?$AN?6@ 00417e88     MSVCRTD:error.obj
 0003:00000eac       ??_C@_0DG@DAJCDLPN@A?5local?5variable?5was?5used?5befor@ 00417eac     MSVCRTD:error.obj
 0003:00000eec       ??_C@_0CM@JMIDGKLA@Stack?5memory?5around?5_alloca?5was@ 00417eec     MSVCRTD:error.obj
 0003:00000f20       ??_C@_0BO@CHIONIOI@Unknown?5Runtime?5Check?5Error?$AN?6@ 00417f20     MSVCRTD:error.obj
 0003:00000f48       ??_C@_1GM@CNOOJIHC@?$AAR?$AAu?$AAn?$AAt?$AAi?$AAm?$AAe?$AA?5?$AAC?$AAh?$AAe?$AAc?$AAk?$AA?5?$AAE@ 00417f48     MSVCRTD:error.obj
 0003:00000fd0       ??_C@_1EA@NFKNIFJP@?$AAR?$AAu?$AAn?$AA?9?$AAT?$AAi?$AAm?$AAe?$AA?5?$AAC?$AAh?$AAe?$AAc?$AAk?$AA?5@ 00417fd0     MSVCRTD:error.obj
 0003:0000101c       ??_C@_0BB@PFFGGCJP@Unknown?5Filename@ 0041801c     MSVCRTD:error.obj
 0003:00001030       ??_C@_0BE@GNBOBNCK@Unknown?5Module?5Name@ 00418030     MSVCRTD:error.obj
 0003:00001048       ??_C@_0CA@IODNCDPG@Run?9Time?5Check?5Failure?5?$CD?$CFd?5?9?5?$CFs@ 00418048     MSVCRTD:error.obj
 0003:00001070       ??_C@_0CG@IAFNJNEE@Stack?5corrupted?5near?5unknown?5va@ 00418070     MSVCRTD:error.obj
 0003:000010a0       ??_C@_05MKKEDADM@?$CF?42X?5@ 004180a0     MSVCRTD:error.obj
 0003:000010a8       ??_C@_0EJ@LJKNEOLN@Stack?5area?5around?5_alloca?5memor@ 004180a8     MSVCRTD:error.obj
 0003:00001100       ??_C@_01EEMJAFIK@?6@       00418100     MSVCRTD:error.obj
 0003:00001104       ??_C@_02LLMPMKNF@?$DO?5@   00418104     MSVCRTD:error.obj
 0003:00001108       ??_C@_08OMAHNMHJ@?6Data?3?5?$DM@ 00418108     MSVCRTD:error.obj
 0003:00001114       ??_C@_0CK@DKGBICFE@?6Allocation?5number?5within?5this?5@ 00418114     MSVCRTD:error.obj
 0003:00001148       ??_C@_07DFDJCKFN@?6Size?3?5@ 00418148     MSVCRTD:error.obj
 0003:00001154       ??_C@_0N@MHFFIMFG@?6Address?3?50x@ 00418154     MSVCRTD:error.obj
 0003:00001168       ??_C@_0EI@CLEPFNGI@Stack?5area?5around?5_alloca?5memor@ 00418168     MSVCRTD:error.obj
 0003:000011c0       ??_C@_0BK@ODNDAGKB@?$CFs?$CFs?$CFp?$CFs?$CFzd?$CFs?$CFd?$CFs?$CFs?$CFs?$CFs?$CFs@ 004181c0     MSVCRTD:error.obj
 0003:000011e0       ??_C@_0DE@OHJBPMBP@A?5variable?5is?5being?5used?5withou@ 004181e0     MSVCRTD:error.obj
 0003:00001238       ??_C@_0BJ@HEGAHDFO@Stack?5pointer?5corruption@ 00418238     MSVCRTD:userapi.obj
 0003:00001258       ??_C@_0CK@FEGOIOPB@Cast?5to?5smaller?5type?5causing?5lo@ 00418258     MSVCRTD:userapi.obj
 0003:0000128c       ??_C@_0BI@CIGMDCBH@Stack?5memory?5corruption@ 0041828c     MSVCRTD:userapi.obj
 0003:000012a8       ??_C@_0CK@CNLNOEPB@Local?5variable?5used?5before?5init@ 004182a8     MSVCRTD:userapi.obj
 0003:000012dc       ??_C@_0BP@OGBCLIBO@Stack?5around?5_alloca?5corrupted@ 004182dc     MSVCRTD:userapi.obj
 0003:00001360       ??_C@_1EI@MLPKHBGE@?$AAa?$AAp?$AAi?$AA?9?$AAm?$AAs?$AA?9?$AAw?$AAi?$AAn?$AA?9?$AAc?$AAo?$AAr?$AAe@ 00418360     MSVCRTD:pdblkup.obj
 0003:000013b8       ??_C@_1BK@JHLNAEJL@?$AAa?$AAd?$AAv?$AAa?$AAp?$AAi?$AA3?$AA2?$AA?4?$AAd?$AAl?$AAl@ 004183b8     MSVCRTD:pdblkup.obj
 0003:000013d8       ??_C@_0O@COHOBMLB@RegOpenKeyExW@ 004183d8     MSVCRTD:pdblkup.obj
 0003:000013e8       ??_C@_0BB@GLNAEDBD@RegQueryValueExW@ 004183e8     MSVCRTD:pdblkup.obj
 0003:000013fc       ??_C@_0M@HLOHPNFA@RegCloseKey@ 004183fc     MSVCRTD:pdblkup.obj
 0003:00001410       ??_C@_1HE@EBEAGLFB@?$AAS?$AAO?$AAF?$AAT?$AAW?$AAA?$AAR?$AAE?$AA?2?$AAW?$AAo?$AAw?$AA6?$AA4?$AA3@ 00418410     MSVCRTD:pdblkup.obj
 0003:0000149c       ??_C@_1BG@EABPBLLF@?$AAP?$AAr?$AAo?$AAd?$AAu?$AAc?$AAt?$AAD?$AAi?$AAr@ 0041849c     MSVCRTD:pdblkup.obj
 0003:000014dc       ??_C@_1BC@JINFINNJ@?$AAM?$AAS?$AAP?$AAD?$AAB?$AA1?$AA4?$AA0@ 004184dc     MSVCRTD:pdblkup.obj
 0003:000014f4       ??_C@_0BB@KCIACLNC@PDBOpenValidate5@ 004184f4     MSVCRTD:pdblkup.obj
 0003:00001508       ??_C@_01KDCPPGHE@r@        00418508     MSVCRTD:pdblkup.obj
 0003:00001548       __load_config_used         00418548     MSVCRTD:loadcfg.obj
 0003:000018e8       ___rtc_iaa                 004188e8     MSVCRTD:initsect.obj
 0003:00001af0       ___rtc_izz                 00418af0     MSVCRTD:initsect.obj
 0003:00001bf4       ___rtc_taa                 00418bf4     MSVCRTD:initsect.obj
 0003:00001dfc       ___rtc_tzz                 00418dfc     MSVCRTD:initsect.obj
 0004:00000270       ___security_cookie_complement 0041a270     MSVCRTD:gs_cookie.obj
 0004:00000274       ___security_cookie         0041a274     MSVCRTD:gs_cookie.obj
 0004:0000027c       ?_RTC_ErrorLevels@@3PAHA   0041a27c     MSVCRTD:error.obj
 0004:00000294       ___scrt_native_dllmain_reason 0041a294     MSVCRTD:utility.obj
 0004:00000298       ___scrt_default_matherr    0041a298     MSVCRTD:matherr.obj
 0004:0000029c       ___isa_enabled             0041a29c     MSVCRTD:cpu_disp.obj
 0004:000002a0       ___scrt_ucrt_dll_is_in_use 0041a2a0     MSVCRTD:ucrt_stubs.obj
 0004:000009d8       ?_OptionsStorage@?1??__local_stdio_printf_options@@9@4_KA 0041a9d8     MSVCRTD:error.obj
 0004:000009f0       ___scrt_current_native_startup_state 0041a9f0     MSVCRTD:utility.obj
 0004:000009f4       ___scrt_native_startup_lock 0041a9f4     MSVCRTD:utility.obj
 0004:00000a20       ?__type_info_root_node@@3U__type_info_node@@A 0041aa20     MSVCRTD:tncleanup.obj
 0004:00000a30       ?_OptionsStorage@?1??__local_stdio_scanf_options@@9@4_KA 0041aa30     MSVCRTD:default_local_stdio_options.obj
 0004:00000a3c       ___scrt_debugger_hook_flag 0041aa3c     MSVCRTD:utility_desktop.obj
 0004:00000a48       ___isa_available           0041aa48     MSVCRTD:cpu_disp.obj
 0004:00000a4c       ___favor                   0041aa4c     MSVCRTD:cpu_disp.obj
 0004:00000a54       __hInstance                0041aa54     <common>
 0004:00000a60       ___dyn_tls_dtor_callback   0041aa60     <common>
 0004:00000a6c       ___dyn_tls_init_callback   0041aa6c     <common>
 0005:00000000       __imp__GetStartupInfoW@4   0041b000     kernel32:KERNEL32.dll
 0005:00000004       __imp__SetUnhandledExceptionFilter@4 0041b004     kernel32:KERNEL32.dll
 0005:00000008       __imp__GetCurrentProcess@0 0041b008     kernel32:KERNEL32.dll
 0005:0000000c       __imp__TerminateProcess@8  0041b00c     kernel32:KERNEL32.dll
 0005:00000010       __imp__IsProcessorFeaturePresent@4 0041b010     kernel32:KERNEL32.dll
 0005:00000014       __imp__IsDebuggerPresent@0 0041b014     kernel32:KERNEL32.dll
 0005:00000018       __imp__RaiseException@16   0041b018     kernel32:KERNEL32.dll
 0005:0000001c       __imp__GetProcAddress@8    0041b01c     kernel32:KERNEL32.dll
 0005:00000020       __imp__FreeLibrary@4       0041b020     kernel32:KERNEL32.dll
 0005:00000024       __imp__VirtualQuery@12     0041b024     kernel32:KERNEL32.dll
 0005:00000028       __imp__GetProcessHeap@0    0041b028     kernel32:KERNEL32.dll
 0005:0000002c       __imp__HeapFree@12         0041b02c     kernel32:KERNEL32.dll
 0005:00000030       __imp__HeapAlloc@12        0041b030     kernel32:KERNEL32.dll
 0005:00000034       __imp__GetLastError@0      0041b034     kernel32:KERNEL32.dll
 0005:00000038       __imp__GetModuleHandleW@4  0041b038     kernel32:KERNEL32.dll
 0005:0000003c       __imp__UnhandledExceptionFilter@4 0041b03c     kernel32:KERNEL32.dll
 0005:00000040       __imp__InitializeSListHead@4 0041b040     kernel32:KERNEL32.dll
 0005:00000044       __imp__GetSystemTimeAsFileTime@4 0041b044     kernel32:KERNEL32.dll
 0005:00000048       __imp__GetCurrentThreadId@0 0041b048     kernel32:KERNEL32.dll
 0005:0000004c       __imp__GetCurrentProcessId@0 0041b04c     kernel32:KERNEL32.dll
 0005:00000050       __imp__QueryPerformanceCounter@4 0041b050     kernel32:KERNEL32.dll
 0005:00000054       __imp__WideCharToMultiByte@32 0041b054     kernel32:KERNEL32.dll
 0005:00000058       __imp__MultiByteToWideChar@24 0041b058     kernel32:KERNEL32.dll
 0005:0000005c       \177KERNEL32_NULL_THUNK_DATA 0041b05c     kernel32:KERNEL32.dll
 0005:00000098       __imp__GetDlgItemTextA@16  0041b098     user32:USER32.dll
 0005:0000009c       __imp__SetDlgItemTextA@12  0041b09c     user32:USER32.dll
 0005:000000a0       __imp__GetDlgItem@8        0041b0a0     user32:USER32.dll
 0005:000000a4       __imp__EndDialog@8         0041b0a4     user32:USER32.dll
 0005:000000a8       __imp__GetWindowTextLengthA@4 0041b0a8     user32:USER32.dll
 0005:000000ac       __imp__MessageBoxA@16      0041b0ac     user32:USER32.dll
 0005:000000b0       __imp__DialogBoxParamA@20  0041b0b0     user32:USER32.dll
 0005:000000b4       \177USER32_NULL_THUNK_DATA 0041b0b4     user32:USER32.dll
 0005:000000e4       __imp____current_exception_context 0041b0e4     vcruntimed:VCRUNTIME140D.dll
 0005:000000e8       __imp__memset              0041b0e8     vcruntimed:VCRUNTIME140D.dll
 0005:000000ec       __imp___except_handler4_common 0041b0ec     vcruntimed:VCRUNTIME140D.dll
 0005:000000f0       __imp____vcrt_GetModuleFileNameW 0041b0f0     vcruntimed:VCRUNTIME140D.dll
 0005:000000f4       __imp____vcrt_GetModuleHandleW 0041b0f4     vcruntimed:VCRUNTIME140D.dll
 0005:000000f8       __imp____vcrt_LoadLibraryExW 0041b0f8     vcruntimed:VCRUNTIME140D.dll
 0005:000000fc       __imp____current_exception 0041b0fc     vcruntimed:VCRUNTIME140D.dll
 0005:00000100       __imp____std_type_info_destroy_list 0041b100     vcruntimed:VCRUNTIME140D.dll
 0005:00000104       \177VCRUNTIME140D_NULL_THUNK_DATA 0041b104     vcruntimed:VCRUNTIME140D.dll
 0005:00000134       __imp___initialize_onexit_table 0041b134     ucrtd:ucrtbased.dll
 0005:00000138       __imp___register_onexit_function 0041b138     ucrtd:ucrtbased.dll
 0005:0000013c       __imp___execute_onexit_table 0041b13c     ucrtd:ucrtbased.dll
 0005:00000140       __imp___crt_atexit         0041b140     ucrtd:ucrtbased.dll
 0005:00000144       __imp___crt_at_quick_exit  0041b144     ucrtd:ucrtbased.dll
 0005:00000148       __imp___controlfp_s        0041b148     ucrtd:ucrtbased.dll
 0005:0000014c       __imp__terminate           0041b14c     ucrtd:ucrtbased.dll
 0005:00000150       __imp___wmakepath_s        0041b150     ucrtd:ucrtbased.dll
 0005:00000154       __imp___wsplitpath_s       0041b154     ucrtd:ucrtbased.dll
 0005:00000158       __imp__wcscpy_s            0041b158     ucrtd:ucrtbased.dll
 0005:0000015c       __imp____stdio_common_vsprintf_s 0041b15c     ucrtd:ucrtbased.dll
 0005:00000160       __imp___set_fmode          0041b160     ucrtd:ucrtbased.dll
 0005:00000164       __imp__exit                0041b164     ucrtd:ucrtbased.dll
 0005:00000168       __imp___initterm_e         0041b168     ucrtd:ucrtbased.dll
 0005:0000016c       __imp___initterm           0041b16c     ucrtd:ucrtbased.dll
 0005:00000170       __imp___get_narrow_winmain_command_line 0041b170     ucrtd:ucrtbased.dll
 0005:00000174       __imp___initialize_narrow_environment 0041b174     ucrtd:ucrtbased.dll
 0005:00000178       __imp___configure_narrow_argv 0041b178     ucrtd:ucrtbased.dll
 0005:0000017c       __imp____setusermatherr    0041b17c     ucrtd:ucrtbased.dll
 0005:00000180       __imp___set_app_type       0041b180     ucrtd:ucrtbased.dll
 0005:00000184       __imp___seh_filter_exe     0041b184     ucrtd:ucrtbased.dll
 0005:00000188       __imp___CrtDbgReportW      0041b188     ucrtd:ucrtbased.dll
 0005:0000018c       __imp___CrtDbgReport       0041b18c     ucrtd:ucrtbased.dll
 0005:00000190       __imp__strcpy              0041b190     ucrtd:ucrtbased.dll
 0005:00000194       __imp___seh_filter_dll     0041b194     ucrtd:ucrtbased.dll
 0005:00000198       __imp__strcpy_s            0041b198     ucrtd:ucrtbased.dll
 0005:0000019c       __imp____p__commode        0041b19c     ucrtd:ucrtbased.dll
 0005:000001a0       __imp___set_new_mode       0041b1a0     ucrtd:ucrtbased.dll
 0005:000001a4       __imp___configthreadlocale 0041b1a4     ucrtd:ucrtbased.dll
 0005:000001a8       __imp___register_thread_local_exe_atexit_callback 0041b1a8     ucrtd:ucrtbased.dll
 0005:000001ac       __imp___c_exit             0041b1ac     ucrtd:ucrtbased.dll
 0005:000001b0       __imp___exit               0041b1b0     ucrtd:ucrtbased.dll
 0005:000001b4       __imp___cexit              0041b1b4     ucrtd:ucrtbased.dll
 0005:000001b8       __imp__strcat_s            0041b1b8     ucrtd:ucrtbased.dll
 0005:000001bc       \177ucrtbased_NULL_THUNK_DATA 0041b1bc     ucrtd:ucrtbased.dll
 0005:00000200       __IMPORT_DESCRIPTOR_USER32 0041b200     user32:USER32.dll
 0005:00000214       __IMPORT_DESCRIPTOR_VCRUNTIME140D 0041b214     vcruntimed:VCRUNTIME140D.dll
 0005:00000228       __IMPORT_DESCRIPTOR_ucrtbased 0041b228     ucrtd:ucrtbased.dll
 0005:0000023c       __IMPORT_DESCRIPTOR_KERNEL32 0041b23c     kernel32:KERNEL32.dll
 0005:00000250       __NULL_IMPORT_DESCRIPTOR   0041b250     user32:USER32.dll
 0006:00000000       ___guard_check_icall_fptr  0041c000     MSVCRTD:guard_support.obj
 0006:00000004       ___guard_xfg_check_icall_fptr 0041c004     MSVCRTD:guard_support.obj

 entry point at        0002:00000262

 Static symbols

 0000:fffe4000       __guard_fids___except_handler4 00400000     MSVCRTD:chandler4gs.obj
 0000:fffe4000       __guard_fids_?pre_c_initialization@@YAHXZ 00400000     MSVCRTD:exe_winmain.obj
 0000:fffe4000       __guard_fids__             00400000     MSVCRTD:exe_winmain.obj
 0000:fffe4000       __guard_fids__             00400000     MSVCRTD:guard_support.obj
 0000:fffe4000       __guard_fids__             00400000     MSVCRTD:guard_support.obj
 0000:fffe4000       __guard_fids___guard_icall_checks_enforced 00400000     MSVCRTD:guard_support.obj
 0000:fffe4000       __guard_fids___CRT_RTC_INIT 00400000     MSVCRTD:init.obj
 0000:fffe4000       __guard_fids___CRT_RTC_INITW 00400000     MSVCRTD:init.obj
 0000:fffe4000       __guard_fids____scrt_set_unhandled_exception_filter 00400000     MSVCRTD:utility_desktop.obj
 0000:fffe2000       .debug$S                   00400000     vcruntimed:VCRUNTIME140D.dll
 0000:fffe2000       .debug$S                   00400000     vcruntimed:VCRUNTIME140D.dll
 0000:fffe2000       .debug$S                   00400000     vcruntimed:VCRUNTIME140D.dll
 0000:fffe2000       .debug$S                   00400000     vcruntimed:VCRUNTIME140D.dll
 0000:fffe2000       .debug$S                   00400000     vcruntimed:VCRUNTIME140D.dll
 0000:fffe2000       .debug$S                   00400000     vcruntimed:VCRUNTIME140D.dll
 0000:fffe2000       .debug$S                   00400000     vcruntimed:VCRUNTIME140D.dll
 0000:fffe2000       .debug$S                   00400000     vcruntimed:VCRUNTIME140D.dll
 0000:fffe2000       .debug$S                   00400000     ucrtd:ucrtbased.dll
 0000:fffe2000       .debug$S                   00400000     ucrtd:ucrtbased.dll
 0000:fffe2000       .debug$S                   00400000     ucrtd:ucrtbased.dll
 0000:fffe2000       .debug$S                   00400000     ucrtd:ucrtbased.dll
 0000:fffe2000       .debug$S                   00400000     ucrtd:ucrtbased.dll
 0000:fffe2000       .debug$S                   00400000     ucrtd:ucrtbased.dll
 0000:fffe2000       .debug$S                   00400000     ucrtd:ucrtbased.dll
 0000:fffe2000       .debug$S                   00400000     ucrtd:ucrtbased.dll
 0000:fffe2000       .debug$S                   00400000     ucrtd:ucrtbased.dll
 0000:fffe2000       .debug$S                   00400000     ucrtd:ucrtbased.dll
 0000:fffe2000       .debug$S                   00400000     ucrtd:ucrtbased.dll
 0000:fffe2000       .debug$S                   00400000     ucrtd:ucrtbased.dll
 0000:fffe2000       .debug$S                   00400000     ucrtd:ucrtbased.dll
 0000:fffe2000       .debug$S                   00400000     ucrtd:ucrtbased.dll
 0000:fffe2000       .debug$S                   00400000     ucrtd:ucrtbased.dll
 0000:fffe2000       .debug$S                   00400000     ucrtd:ucrtbased.dll
 0000:fffe2000       .debug$S                   00400000     ucrtd:ucrtbased.dll
 0000:fffe2000       .debug$S                   00400000     ucrtd:ucrtbased.dll
 0000:fffe2000       .debug$S                   00400000     ucrtd:ucrtbased.dll
 0000:fffe2000       .debug$S                   00400000     ucrtd:ucrtbased.dll
 0000:fffe2000       .debug$S                   00400000     ucrtd:ucrtbased.dll
 0000:fffe2000       .debug$S                   00400000     ucrtd:ucrtbased.dll
 0000:fffe2000       .debug$S                   00400000     ucrtd:ucrtbased.dll
 0000:fffe2000       .debug$S                   00400000     ucrtd:ucrtbased.dll
 0000:fffe2000       .debug$S                   00400000     ucrtd:ucrtbased.dll
 0000:fffe2000       .debug$S                   00400000     ucrtd:ucrtbased.dll
 0000:fffe2000       .debug$S                   00400000     ucrtd:ucrtbased.dll
 0000:fffe2000       .debug$S                   00400000     ucrtd:ucrtbased.dll
 0000:fffe2000       .debug$S                   00400000     ucrtd:ucrtbased.dll
 0000:fffe2000       .debug$S                   00400000     ucrtd:ucrtbased.dll
 0000:fffe2000       .debug$S                   00400000     ucrtd:ucrtbased.dll
 0000:fffe2000       .debug$S                   00400000     ucrtd:ucrtbased.dll
 0000:fffe2000       .debug$S                   00400000     ucrtd:ucrtbased.dll
 0000:fffe2000       .debug$S                   00400000     ucrtd:ucrtbased.dll
 0000:fffe2000       .debug$S                   00400000     kernel32:KERNEL32.dll
 0000:fffe2000       .debug$S                   00400000     kernel32:KERNEL32.dll
 0000:fffe2000       .debug$S                   00400000     kernel32:KERNEL32.dll
 0000:fffe2000       .debug$S                   00400000     kernel32:KERNEL32.dll
 0000:fffe2000       .debug$S                   00400000     kernel32:KERNEL32.dll
 0000:fffe2000       .debug$S                   00400000     kernel32:KERNEL32.dll
 0000:fffe2000       .debug$S                   00400000     kernel32:KERNEL32.dll
 0000:fffe2000       .debug$S                   00400000     kernel32:KERNEL32.dll
 0000:fffe2000       .debug$S                   00400000     kernel32:KERNEL32.dll
 0000:fffe2000       .debug$S                   00400000     kernel32:KERNEL32.dll
 0000:fffe2000       .debug$S                   00400000     kernel32:KERNEL32.dll
 0000:fffe2000       .debug$S                   00400000     kernel32:KERNEL32.dll
 0000:fffe2000       .debug$S                   00400000     kernel32:KERNEL32.dll
 0000:fffe2000       .debug$S                   00400000     kernel32:KERNEL32.dll
 0000:fffe2000       .debug$S                   00400000     kernel32:KERNEL32.dll
 0000:fffe2000       .debug$S                   00400000     kernel32:KERNEL32.dll
 0000:fffe2000       .debug$S                   00400000     kernel32:KERNEL32.dll
 0000:fffe2000       .debug$S                   00400000     kernel32:KERNEL32.dll
 0000:fffe2000       .debug$S                   00400000     kernel32:KERNEL32.dll
 0000:fffe2000       .debug$S                   00400000     kernel32:KERNEL32.dll
 0000:fffe2000       .debug$S                   00400000     kernel32:KERNEL32.dll
 0000:fffe2000       .debug$S                   00400000     kernel32:KERNEL32.dll
 0000:fffe2000       .debug$S                   00400000     kernel32:KERNEL32.dll
 0000:fffe2000       .debug$S                   00400000     user32:USER32.dll
 0000:fffe2000       .debug$S                   00400000     user32:USER32.dll
 0000:fffe2000       .debug$S                   00400000     user32:USER32.dll
 0000:fffe2000       .debug$S                   00400000     user32:USER32.dll
 0000:fffe2000       .debug$S                   00400000     user32:USER32.dll
 0000:fffe2000       .debug$S                   00400000     user32:USER32.dll
 0000:fffe2000       .debug$S                   00400000     user32:USER32.dll
 0000:fffe4004       __guard_fids__             00400004     MSVCRTD:exe_winmain.obj
 0000:fffe4008       __guard_fids__             00400008     MSVCRTD:exe_winmain.obj
 0002:00000af0       $$000000                   00411af0     example.obj
 0002:00000cb0       $$000000                   00411cb0     io.obj
 0002:00001580       ?pre_c_initialization@@YAHXZ 00412580 f   MSVCRTD:exe_winmain.obj
 0002:00001660       ?post_pgo_initialization@@YAHXZ 00412660 f   MSVCRTD:exe_winmain.obj
 0002:00001670       ?pre_cpp_initialization@@YAXXZ 00412670 f   MSVCRTD:exe_winmain.obj
 0002:00001690       ?__scrt_common_main@@YAHXZ 00412690 f   MSVCRTD:exe_winmain.obj
 0002:000016b0       ?__scrt_common_main_seh@@YAHXZ 004126b0 f   MSVCRTD:exe_winmain.obj
 0002:00001980       ?invoke_main@@YAHXZ        00412980 f   MSVCRTD:exe_winmain.obj
 0002:00001a30       ?DebuggerProbe@@YA_NK@Z    00412a30 f   MSVCRTD:error.obj
 0002:00001a80       ?DebuggerRuntime@@YA_NKHPAXPB_W@Z 00412a80 f   MSVCRTD:error.obj
 0002:00001d50       ?_getMemBlockDataString@@YAXPAD0PBDI@Z 00412d50 f   MSVCRTD:error.obj
 0002:00001de0       ?_strlen_priv@@YAIPBD@Z    00412de0 f   MSVCRTD:error.obj
 0002:00001e00       ?failwithmessage@@YAXPAXHHPBD@Z 00412e00 f   MSVCRTD:error.obj
 0002:00002080       ?notify_debugger@@YAXABUtagEXCEPTION_VISUALCPP_DEBUG_INFO@@@Z 00413080 f   MSVCRTD:error.obj
 0002:00002360       ?find_pe_section@@YAPAU_IMAGE_SECTION_HEADER@@QAEI@Z 00413360 f   MSVCRTD:utility.obj
 0002:00002410       ?is_potentially_valid_image_base@@YA_NQAX@Z 00413410 f   MSVCRTD:utility.obj
 0002:00002b20       ___get_entropy             00413b20 f   MSVCRTD:gs_support.obj
 0002:00003300       ?GetPdbDll@@YAPAUHINSTANCE__@@XZ 00414300 f   MSVCRTD:pdblkup.obj
 0002:00003490       ?GetPdbDllFromInstallPath@@YAPAUHINSTANCE__@@XZ 00414490 f   MSVCRTD:pdblkup.obj
 0002:00003780       ?GetPdbDllPathFromFilePath@@YAHPB_WPA_WI@Z 00414780 f   MSVCRTD:pdblkup.obj
 0003:00000104       ?pre_cpp_initializer@@3P6AXXZA 00417104     MSVCRTD:exe_winmain.obj
 0003:00000410       ?pre_c_initializer@@3P6AHXZA 00417410     MSVCRTD:exe_winmain.obj
 0003:00000514       ?post_pgo_initializer@@3P6AHXZA 00417514     MSVCRTD:exe_winmain.obj
 0003:00000b54       _GS_ExceptionPointers      00417b54     MSVCRTD:gs_report.obj
 0003:00000b60       ?_RTC_ErrorMessages@@3QBQBDB 00417b60     MSVCRTD:error.obj
 0003:00000b78       ?_RTC_NoFalsePositives@@3QBHB 00417b78     MSVCRTD:error.obj
 0003:00000b90       ?stack_premsg@@3QBDB       00417b90     MSVCRTD:error.obj
 0003:00000bac       ?stack_postmsg@@3QBDB      00417bac     MSVCRTD:error.obj
 0003:00000bc0       ?uninit_premsg@@3QBDB      00417bc0     MSVCRTD:error.obj
 0003:00000bd0       ?uninit_postmsg@@3QBDB     00417bd0     MSVCRTD:error.obj
 0003:00001220       ?_RTC_errlist@@3QBQBDB     00418220     MSVCRTD:userapi.obj
 0003:00001304       ?mspdbName@@3QB_WB         00418304     MSVCRTD:pdblkup.obj
 0003:00001328       ?debugCrtFileName@@3QB_WB  00418328     MSVCRTD:pdblkup.obj
 0003:000014b8       ?dllExt@?1??GetPdbDllPathFromFilePath@@YAHPB_WPA_WI@Z@4QB_WB 004184b8     MSVCRTD:pdblkup.obj
 0003:000014c4       ?mspdbFilename@?1??GetPdbDllPathFromFilePath@@YAHPB_WPA_WI@Z@4QB_WB 004184c4     MSVCRTD:pdblkup.obj
 0003:000019ec       __RTC_InitBase.rtc$IMZ     004189ec     framework.obj
 0003:00001cf8       __RTC_Shutdown.rtc$TMZ     00418cf8     framework.obj
 0003:00001f00       __sehtable$?__scrt_common_main_seh@@YAHXZ 00418f00     MSVCRTD:exe_winmain.obj
 0003:00001f20       __sehtable$?notify_debugger@@YAXABUtagEXCEPTION_VISUALCPP_DEBUG_INFO@@@Z 00418f20     MSVCRTD:error.obj
 0003:00001f40       __sehtable$___scrt_is_nonwritable_in_current_image 00418f40     MSVCRTD:utility.obj
 0004:00000000       nbrArray                   0041a000     example.obj
 0004:00000168       nbrele                     0041a168     example.obj
 0004:0000016c       number                     0041a16c     example.obj
 0004:00000170       prompt1                    0041a170     example.obj
 0004:00000199       prompt2                    0041a199     example.obj
 0004:000001b2       string                     0041a1b2     example.obj
 0004:000001d0       answer                     0041a1d0     example.obj
 0004:000001dc       result                     0041a1dc     example.obj
 0004:000003b0       _buf                       0041a3b0     framework.obj
 0004:000004b0       _inputLabel                0041a4b0     framework.obj
 0004:00000618       _GS_ExceptionRecord        0041a618     MSVCRTD:gs_report.obj
 0004:00000668       _GS_ContextRecord          0041a668     MSVCRTD:gs_report.obj
 0004:000009d3       ?init@?1??_RTC_InitBase@@9@4_NA 0041a9d3     MSVCRTD:init.obj
 0004:000009e4       ?_RTC_ErrorReportFunc@@3P6AHHPBDH00ZZA 0041a9e4     MSVCRTD:userapi.obj
 0004:000009e8       ?_RTC_ErrorReportFuncW@@3P6AHHPB_WH00ZZA 0041a9e8     MSVCRTD:userapi.obj
 0004:000009f8       ?is_initialized_as_dll@@3_NA 0041a9f8     MSVCRTD:utility.obj
 0004:000009f9       ?module_local_atexit_table_initialized@@3_NA 0041a9f9     MSVCRTD:utility.obj
 0004:000009fc       ?module_local_atexit_table@@3U_onexit_table_t@@A 0041a9fc     MSVCRTD:utility.obj
 0004:00000a08       ?module_local_at_quick_exit_table@@3U_onexit_table_t@@A 0041aa08     MSVCRTD:utility.obj
 0004:00000a40       ?mspdb@@3PAUHINSTANCE__@@A 0041aa40     MSVCRTD:pdblkup.obj
 0004:00000a44       ?alreadyTried@?1??GetPdbDll@@YAPAUHINSTANCE__@@XZ@4_NA 0041aa44     MSVCRTD:pdblkup.obj
 0004:00000a45       ?PDBOK@?1??_RTC_GetSrcLine@@YAHPAEPA_WKPAH1K@Z@4_NA 0041aa45     MSVCRTD:pdblkup.obj
 0005:000004da       .idata$6                   0041b4da     user32:USER32.dll
 0005:000005ac       .idata$6                   0041b5ac     vcruntimed:VCRUNTIME140D.dll
 0005:00000832       .idata$6                   0041b832     ucrtd:ucrtbased.dll
 0005:00000a16       .idata$6                   0041ba16     kernel32:KERNEL32.dll
 0007:000001c0       $R000000                   0041d1c0     framework.res
 0007:00000268       $R0000A8                   0041d268     framework.res
